//my_product/app/AIPlaymate/AIPlaymate.apk 1-17150
//my_product/app/AIPlaymate/lib/arm64/libaiboost.so 17162-18250
//my_product/app/AIPlaymate/lib/arm64/libaiboost_neuron_delegate.so 18253-18306
//my_product/app/AIPlaymate/lib/arm64/libaiunit_sdk_core.so 18307-18308
//my_product/app/AIPlaymate/lib/arm64/libalgo.so 18309
//my_product/app/AIPlaymate/lib/arm64/libbase_aiboost_detector.so 18310-18313
//my_product/app/AIPlaymate/lib/arm64/libbuff_monster_detector.so 18314-18317
//my_product/app/AIPlaymate/lib/arm64/libbutton_skill_detector.so 18318-18321
//my_product/app/AIPlaymate/lib/arm64/libc++_shared.so 18322-18408
//my_product/app/AIPlaymate/lib/arm64/libcoin_color_detector.so 18409-18412
//my_product/app/AIPlaymate/lib/arm64/libcoin_count_detector.so 18413-18416
//my_product/app/AIPlaymate/lib/arm64/libdigits_classify_detector.so 18417-18420
//my_product/app/AIPlaymate/lib/arm64/libdragon_monster_detector.so 18421-18424
//my_product/app/AIPlaymate/lib/arm64/libgame_char_detector.so 18425-18428
//my_product/app/AIPlaymate/lib/arm64/libgame_hot_zone_detector.so 18429-18433
//my_product/app/AIPlaymate/lib/arm64/libgun_sed.so 18434-18573
//my_product/app/AIPlaymate/lib/arm64/libhero_classify_detector.so 18574-18577
//my_product/app/AIPlaymate/lib/arm64/libhero_image_detector.so 18578-18581
//my_product/app/AIPlaymate/lib/arm64/libhero_name_detector.so 18582-18585
//my_product/app/AIPlaymate/lib/arm64/libhpjy_equipment_state_detector.so 18586-18589
//my_product/app/AIPlaymate/lib/arm64/libimageprocessor.so 18590-18598
//my_product/app/AIPlaymate/lib/arm64/libinfo_skill_detector.so 18599-18602
//my_product/app/AIPlaymate/lib/arm64/libjcc_round_time_detector.so 18603-18606
//my_product/app/AIPlaymate/lib/arm64/libmap_target_detector.so 18607-18613
//my_product/app/AIPlaymate/lib/arm64/libmlbb_dragon_state_detector.so 18614-18617
//my_product/app/AIPlaymate/lib/arm64/libmlbb_head_count_detector.so 18618-18621
//my_product/app/AIPlaymate/lib/arm64/libmlbb_head_count_large_detector.so 18622-18625
//my_product/app/AIPlaymate/lib/arm64/libmlbb_team_score_detector.so 18626-18629
//my_product/app/AIPlaymate/lib/arm64/libmlbb_team_status_detector.so 18630-18633
//my_product/app/AIPlaymate/lib/arm64/libmlbb_tower_num_detector.so 18634-18637
//my_product/app/AIPlaymate/lib/arm64/libopencv_core.so 18638-18924
//my_product/app/AIPlaymate/lib/arm64/libopencv_imgproc.so 18925-19271
//my_product/app/AIPlaymate/lib/arm64/libopencv_java4.so 19272-19979
//my_product/app/AIPlaymate/lib/arm64/libpubg_blood_state_detector.so 19981-19984
//my_product/app/AIPlaymate/lib/arm64/libpubg_env_state_detector.so 19985-19988
//my_product/app/AIPlaymate/lib/arm64/libpubg_equipment_state_detector.so 19989-19992
//my_product/app/AIPlaymate/lib/arm64/libpubg_map_state_detector.so 19993-19996
//my_product/app/AIPlaymate/lib/arm64/libpubg_on_plane_detector.so 19997-20000
//my_product/app/AIPlaymate/lib/arm64/libpubg_team_detector.so 20001-20004
//my_product/app/AIPlaymate/lib/arm64/libpubg_team_valid_detector.so 20005-20008
//my_product/app/AIPlaymate/lib/arm64/libpubg_userid_detector.so 20009-20012
//my_product/app/AIPlaymate/lib/arm64/libskill_detector.so 20013-20016
//my_product/app/AIPlaymate/lib/arm64/libtensorflowlite_c.so 20017-20275
//my_product/app/AIPlaymate/lib/arm64/libtower_state_detector.so 20276-20279
//my_product/app/AIPlaymate/lib/arm64/libwzry_kda_detector.so 20280-20283
//my_product/app/AONService/AONService.apk 20284-28272
//my_product/app/AONService/lib/arm64/libNoTopK.so 28278-28287
//my_product/app/AONService/lib/arm64/libPOSTPROCESS.so 28288-28289
//my_product/app/AONService/lib/arm64/libROTATE90PAD.so 28290
//my_product/app/AONService/lib/arm64/libaiboost.so 28291-29378
//my_product/app/AONService/lib/arm64/libaiboost_jni.so 29381-29385
//my_product/app/AONService/lib/arm64/libaiboost_neuron_delegate.so 29386-29440
//my_product/app/AONService/lib/arm64/libbitmapUtil.so 29441-29442
//my_product/app/AONService/lib/arm64/libc++_shared.so 29443-29539
//my_product/app/AONService/lib/arm64/libfde.so 29540-29581
//my_product/app/AONService/lib/arm64/libmemoryhelper.so 29582
//my_product/app/AONService/lib/arm64/libopencv-jni.so 29583-29587
//my_product/app/AONService/lib/arm64/libopencv_java4.so 29588-31838
//my_product/app/AONService/oat/arm64/AONService.vdex 31842-31867
//my_product/app/AudioEffectCenter/AudioEffectCenter.apk 31868-32601
//my_product/app/AudioEffectCenter/oat/arm64/AudioEffectCenter.vdex 32602-32612
//my_product/app/CalendarGoogle/CalendarGoogle.apk 32613-36879
//my_product/app/Chrome64/Chrome64.apk 36884-42214
//my_product/app/Colorx/Colorx.apk 42221-44083
//my_product/app/Colorx/oat/arm64/Colorx.vdex 44087-44094
//my_product/app/EmojiKeyboard/EmojiKeyboard.apk 44095-67215
//my_product/app/Facebook-appmanager/Facebook-appmanager.apk 67230-68408
//my_product/app/GPay3/GPay3.apk 68409-77285
//my_product/app/GTMode/GTMode.apk 77294-79188
//my_product/app/GTMode/oat/arm64/GTMode.vdex 79191-79210
//my_product/app/Gemini/Gemini.apk 79211-79589
//my_product/app/Gmail2/Gmail2.apk 79590-97391
//my_product/app/GoogleCalendarSyncAdapter/GoogleCalendarSyncAdapter.apk 97408-98038
//my_product/app/GoogleContacts/GoogleContacts.apk 98039-101320
//my_product/app/GoogleLens/GoogleLens.apk 101324-101749
//my_product/app/GoogleLens/oat/arm64/GoogleLens.vdex 101750-101756
//my_product/app/GoogleLocationHistory/GoogleLocationHistory.apk 101757-102159
//my_product/app/GoogleWallet/GoogleWallet.apk 102160-104998
//my_product/app/HeartRateDetect/HeartRateDetect.apk 105002-107377
//my_product/app/HeartRateDetect/oat/arm64/HeartRateDetect.vdex 107380-107397
//my_product/app/LatinImeGoogle/LatinImeGoogle.apk 107398-118754
//my_product/app/Maps/Maps.apk 118764-135135
//my_product/app/Meet/Meet.apk 135150-148405
//my_product/app/OplusAudioMonitor/OplusAudioMonitor.apk 148418-149343
//my_product/app/OplusAudioMonitor/oat/arm64/OplusAudioMonitor.vdex 149344-149357
//my_product/app/OplusCamera/OplusCamera.apk 149358-176602
//my_product/app/OplusCamera/OplusCamera.apk.prof 176626-176628
//my_product/app/OplusCamera/oat/arm64/OplusCamera.art 176629-177033
//my_product/app/OplusCamera/oat/arm64/OplusCamera.odex 177034-177432
//my_product/app/OplusCamera/oat/arm64/OplusCamera.vdex 177433-177505
//my_product/app/Photos/Photos.apk 177506-196006
//my_product/app/SmartDrive/SmartDrive.apk 196023-198748
//my_product/app/SmartDrive/oat/arm64/SmartDrive.vdex 198752-198792
//my_product/app/SpeechServicesByGoogle/SpeechServicesByGoogle.apk 198793-210295
//my_product/app/SpeechServicesByGoogle/oat/arm64/SpeechServicesByGoogle.vdex 210305-210335
//my_product/app/SwitchAccess/SwitchAccess.apk 210336-211683
//my_product/app/TrichromeLibrary64/TrichromeLibrary64.apk 211686-236531
//my_product/app/WebViewGoogle64/WebViewGoogle64.apk 236554-250319
//my_product/app/YouTube/YouTube.apk 250330-266987
//my_product/app/talkback/talkback.apk 267001-271842
//my_product/build.prop 271848
//my_product/cust/APC/overlay/OplusConfigOverlayContact/OplusConfigOverlayContact.apk 271849-271850
//my_product/cust/APC/overlay/OplusConfigOverlayDialer/OplusConfigOverlayDialer.apk 271851-271852
//my_product/cust/BD/overlay/OplusConfigOverlayContact/OplusConfigOverlayContact.apk 271853-271854
//my_product/cust/BD/overlay/OplusConfigOverlayDialer/OplusConfigOverlayDialer.apk 271855-271856
//my_product/cust/BR/overlay/OplusConfigOverlayContact/OplusConfigOverlayContact.apk 271857-271858
//my_product/cust/BR/overlay/OplusConfigOverlayDialer/OplusConfigOverlayDialer.apk 271859-271860
//my_product/cust/BR/overlay/OplusGmsConfigOverlayCommon/OplusGmsConfigOverlayCommon.apk 271861-271862
//my_product/cust/DZ/overlay/OplusConfigOverlayContact/OplusConfigOverlayContact.apk 271863-271864
//my_product/cust/DZ/overlay/OplusConfigOverlayDialer/OplusConfigOverlayDialer.apk 271865-271866
//my_product/cust/EG/overlay/OplusConfigOverlayContact/OplusConfigOverlayContact.apk 271867-271868
//my_product/cust/EG/overlay/OplusConfigOverlayDialer/OplusConfigOverlayDialer.apk 271869-271870
//my_product/cust/EU-EEA-Double/overlay/GmsConfigOverlaySearchSelector/GmsConfigOverlaySearchSelector.apk 271871-271872
//my_product/cust/EUEX/overlay/GmsConfigOverlaySearchSelector/GmsConfigOverlaySearchSelector.apk 271874-271875
//my_product/cust/EUEX/overlay/OplusGmsConfigOverlayCommon/OplusGmsConfigOverlayCommon.apk 271876-271877
//my_product/cust/EUEX-ALL-CUST/overlay/GmsConfigOverlaySearchSelector/GmsConfigOverlaySearchSelector.apk 271879-271880
//my_product/cust/EUEX-ALL-CUST/overlay/OplusGmsConfigOverlayCommon/OplusGmsConfigOverlayCommon.apk 271881-271882
//my_product/cust/EXPORT/overlay/OplusConfigOverlayContact/OplusConfigOverlayContact.apk 271884-271885
//my_product/cust/EXPORT/overlay/OplusConfigOverlayDialer/OplusConfigOverlayDialer.apk 271886-271887
//my_product/cust/GB/overlay/GmsConfigOverlaySearchSelector/GmsConfigOverlaySearchSelector.apk 271888-271889
//my_product/cust/HK/overlay/OplusConfigOverlayContact/OplusConfigOverlayContact.apk 271891-271892
//my_product/cust/HK/overlay/OplusConfigOverlayDialer/OplusConfigOverlayDialer.apk 271893-271894
//my_product/cust/ID/overlay/OplusConfigOverlayContact/OplusConfigOverlayContact.apk 271896-271897
//my_product/cust/ID/overlay/OplusConfigOverlayDialer/OplusConfigOverlayDialer.apk 271898-271899
//my_product/cust/ID/overlay/OplusGmsConfigOverlayCommon/OplusGmsConfigOverlayCommon.apk 271900-271901
//my_product/cust/IL/overlay/OplusConfigOverlayContact/OplusConfigOverlayContact.apk 271903-271904
//my_product/cust/IL/overlay/OplusConfigOverlayDialer/OplusConfigOverlayDialer.apk 271905-271906
//my_product/cust/IN/overlay/GmsConfigOverlaySearchSelector/GmsConfigOverlaySearchSelector.apk 271908-271909
//my_product/cust/IN/overlay/OplusConfigOverlayContact/OplusConfigOverlayContact.apk 271910-271911
//my_product/cust/IN/overlay/OplusConfigOverlayDialer/OplusConfigOverlayDialer.apk 271912-271913
//my_product/cust/IN/overlay/OplusGmsConfigOverlayCommon/OplusGmsConfigOverlayCommon.apk 271914-271915
//my_product/cust/JP/overlay/OplusConfigOverlayContact/OplusConfigOverlayContact.apk 271917-271918
//my_product/cust/JP/overlay/OplusConfigOverlayDialer/OplusConfigOverlayDialer.apk 271919-271920
//my_product/cust/KE/overlay/OplusConfigOverlayContact/OplusConfigOverlayContact.apk 271922-271923
//my_product/cust/KE/overlay/OplusConfigOverlayDialer/OplusConfigOverlayDialer.apk 271924-271925
//my_product/cust/KH/overlay/OplusConfigOverlayContact/OplusConfigOverlayContact.apk 271926-271927
//my_product/cust/KH/overlay/OplusConfigOverlayDialer/OplusConfigOverlayDialer.apk 271928-271929
//my_product/cust/KZ/overlay/OplusConfigOverlayContact/OplusConfigOverlayContact.apk 271931-271932
//my_product/cust/KZ/overlay/OplusConfigOverlayDialer/OplusConfigOverlayDialer.apk 271933-271934
//my_product/cust/KZ/overlay/OplusGmsConfigOverlayCommon/OplusGmsConfigOverlayCommon.apk 271935-271936
//my_product/cust/LATAM/overlay/OplusConfigOverlayContact/OplusConfigOverlayContact.apk 271938-271939
//my_product/cust/LATAM/overlay/OplusConfigOverlayDialer/OplusConfigOverlayDialer.apk 271940-271941
//my_product/cust/LATAM/overlay/OplusGmsConfigOverlayCommon/OplusGmsConfigOverlayCommon.apk 271942-271943
//my_product/cust/LK/overlay/OplusConfigOverlayContact/OplusConfigOverlayContact.apk 271945-271946
//my_product/cust/LK/overlay/OplusConfigOverlayDialer/OplusConfigOverlayDialer.apk 271947-271948
//my_product/cust/LK/overlay/OplusGmsConfigOverlayCommon/OplusGmsConfigOverlayCommon.apk 271949-271950
//my_product/cust/MA/overlay/OplusConfigOverlayContact/OplusConfigOverlayContact.apk 271952-271953
//my_product/cust/MA/overlay/OplusConfigOverlayDialer/OplusConfigOverlayDialer.apk 271954-271955
//my_product/cust/MEA/overlay/OplusConfigOverlayContact/OplusConfigOverlayContact.apk 271957-271958
//my_product/cust/MEA/overlay/OplusConfigOverlayDialer/OplusConfigOverlayDialer.apk 271959-271960
//my_product/cust/MEA/overlay/OplusGmsConfigOverlayCommon/OplusGmsConfigOverlayCommon.apk 271961-271962
//my_product/cust/MM/overlay/OplusConfigOverlayContact/OplusConfigOverlayContact.apk 271964-271965
//my_product/cust/MM/overlay/OplusConfigOverlayDialer/OplusConfigOverlayDialer.apk 271966-271967
//my_product/cust/MX/overlay/OplusConfigOverlayContact/OplusConfigOverlayContact.apk 271969-271970
//my_product/cust/MX/overlay/OplusConfigOverlayDialer/OplusConfigOverlayDialer.apk 271971-271972
//my_product/cust/MX/overlay/OplusGmsConfigOverlayCommon/OplusGmsConfigOverlayCommon.apk 271973-271974
//my_product/cust/MY/overlay/OplusConfigOverlayContact/OplusConfigOverlayContact.apk 271976-271977
//my_product/cust/MY/overlay/OplusConfigOverlayDialer/OplusConfigOverlayDialer.apk 271978-271979
//my_product/cust/MY/overlay/OplusGmsConfigOverlayCommon/OplusGmsConfigOverlayCommon.apk 271980-271981
//my_product/cust/NG/overlay/OplusConfigOverlayContact/OplusConfigOverlayContact.apk 271983-271984
//my_product/cust/NG/overlay/OplusConfigOverlayDialer/OplusConfigOverlayDialer.apk 271985-271986
//my_product/cust/NP/overlay/OplusConfigOverlayContact/OplusConfigOverlayContact.apk 271987-271988
//my_product/cust/NP/overlay/OplusConfigOverlayDialer/OplusConfigOverlayDialer.apk 271989-271990
//my_product/cust/PH/overlay/OplusConfigOverlayContact/OplusConfigOverlayContact.apk 271993-271994
//my_product/cust/PH/overlay/OplusConfigOverlayDialer/OplusConfigOverlayDialer.apk 271995-271996
//my_product/cust/PH/overlay/OplusGmsConfigOverlayCommon/OplusGmsConfigOverlayCommon.apk 271997-271998
//my_product/cust/PK/overlay/OplusConfigOverlayContact/OplusConfigOverlayContact.apk 272000-272001
//my_product/cust/PK/overlay/OplusConfigOverlayDialer/OplusConfigOverlayDialer.apk 272002-272003
//my_product/cust/ROW/overlay/OplusGmsConfigOverlayCommon/OplusGmsConfigOverlayCommon.apk 272004-272005
//my_product/cust/RU/etc/launcher/default_workspace.xml 272007-272008
//my_product/cust/RU/etc/launcher/drawable/drawable/ic_launcher_ru_app_list.png 272011-272012
//my_product/cust/RU/etc/launcher/drawable/drawable/ic_launcher_ru_assistant.png 272013
//my_product/cust/RU/etc/launcher/drawable/drawable/ic_launcher_ru_crptech.png 272016
//my_product/cust/RU/etc/launcher/drawable/drawable/ic_launcher_ru_crptech_mask.png 272018
//my_product/cust/RU/etc/launcher/drawable/drawable/ic_launcher_ru_disk.png 272020-272025
//my_product/cust/RU/etc/launcher/drawable/drawable/ic_launcher_ru_documents.png 272026-272031
//my_product/cust/RU/etc/launcher/drawable/drawable/ic_launcher_ru_gosuslugi.png 272032-272035
//my_product/cust/RU/etc/launcher/drawable/drawable/ic_launcher_ru_icq.png 272037-272041
//my_product/cust/RU/etc/launcher/drawable/drawable/ic_launcher_ru_kms.png 272042-272049
//my_product/cust/RU/etc/launcher/drawable/drawable/ic_launcher_ru_mail.png 272052-272053
//my_product/cust/RU/etc/launcher/drawable/drawable/ic_launcher_ru_maps.png 272054-272056
//my_product/cust/RU/etc/launcher/drawable/drawable/ic_launcher_ru_ok.png 272059-272061
//my_product/cust/RU/etc/launcher/drawable/drawable/ic_launcher_ru_pay.png 272063
//my_product/cust/RU/etc/launcher/drawable/drawable/ic_launcher_ru_rutube.png 272065
//my_product/cust/RU/etc/launcher/drawable/drawable/ic_launcher_ru_searchapp.png 272067
//my_product/cust/RU/etc/launcher/drawable/drawable/ic_launcher_ru_stream.png 272069-272075
//my_product/cust/RU/etc/launcher/drawable/drawable/ic_launcher_ru_vk.png 272077-272078
//my_product/cust/RU/etc/launcher/drawable/drawable/ic_launcher_ru_yandex_searchplugin.png 272081
//my_product/cust/RU/etc/launcher/drawable/drawable/ic_launcher_two_gis.png 272084
//my_product/cust/RU/etc/launcher/drawable/ic_launcher_ru_app_list.png 272088-272089
//my_product/cust/RU/etc/launcher/drawable/ic_launcher_ru_assistant.png 272090
//my_product/cust/RU/etc/launcher/drawable/ic_launcher_ru_crptech.png 272093
//my_product/cust/RU/etc/launcher/drawable/ic_launcher_ru_crptech_mask.png 272095
//my_product/cust/RU/etc/launcher/drawable/ic_launcher_ru_disk.png 272097-272102
//my_product/cust/RU/etc/launcher/drawable/ic_launcher_ru_documents.png 272103-272108
//my_product/cust/RU/etc/launcher/drawable/ic_launcher_ru_gosuslugi.png 272109-272112
//my_product/cust/RU/etc/launcher/drawable/ic_launcher_ru_icq.png 272114-272118
//my_product/cust/RU/etc/launcher/drawable/ic_launcher_ru_kms.png 272119-272126
//my_product/cust/RU/etc/launcher/drawable/ic_launcher_ru_mail.png 272129-272130
//my_product/cust/RU/etc/launcher/drawable/ic_launcher_ru_maps.png 272131-272133
//my_product/cust/RU/etc/launcher/drawable/ic_launcher_ru_ok.png 272136-272138
//my_product/cust/RU/etc/launcher/drawable/ic_launcher_ru_pay.png 272140
//my_product/cust/RU/etc/launcher/drawable/ic_launcher_ru_rutube.png 272142
//my_product/cust/RU/etc/launcher/drawable/ic_launcher_ru_searchapp.png 272144
//my_product/cust/RU/etc/launcher/drawable/ic_launcher_ru_stream.png 272146-272152
//my_product/cust/RU/etc/launcher/drawable/ic_launcher_ru_vk.png 272154-272155
//my_product/cust/RU/etc/launcher/drawable/ic_launcher_ru_yandex_searchplugin.png 272158
//my_product/cust/RU/etc/launcher/drawable/ic_launcher_two_gis.png 272161
//my_product/cust/RU/etc/launcher/drawable-xxhdpi/drawable-xxhdpi/ic_launcher_ru_app_list.png 272165-272166
//my_product/cust/RU/etc/launcher/drawable-xxhdpi/drawable-xxhdpi/ic_launcher_ru_assistant.png 272167
//my_product/cust/RU/etc/launcher/drawable-xxhdpi/drawable-xxhdpi/ic_launcher_ru_crptech.png 272170
//my_product/cust/RU/etc/launcher/drawable-xxhdpi/drawable-xxhdpi/ic_launcher_ru_crptech_mask.png 272172
//my_product/cust/RU/etc/launcher/drawable-xxhdpi/drawable-xxhdpi/ic_launcher_ru_disk.png 272174-272179
//my_product/cust/RU/etc/launcher/drawable-xxhdpi/drawable-xxhdpi/ic_launcher_ru_documents.png 272180-272185
//my_product/cust/RU/etc/launcher/drawable-xxhdpi/drawable-xxhdpi/ic_launcher_ru_gosuslugi.png 272186-272189
//my_product/cust/RU/etc/launcher/drawable-xxhdpi/drawable-xxhdpi/ic_launcher_ru_icq.png 272191-272195
//my_product/cust/RU/etc/launcher/drawable-xxhdpi/drawable-xxhdpi/ic_launcher_ru_kms.png 272196-272203
//my_product/cust/RU/etc/launcher/drawable-xxhdpi/drawable-xxhdpi/ic_launcher_ru_mail.png 272206-272207
//my_product/cust/RU/etc/launcher/drawable-xxhdpi/drawable-xxhdpi/ic_launcher_ru_maps.png 272208-272210
//my_product/cust/RU/etc/launcher/drawable-xxhdpi/drawable-xxhdpi/ic_launcher_ru_ok.png 272213-272215
//my_product/cust/RU/etc/launcher/drawable-xxhdpi/drawable-xxhdpi/ic_launcher_ru_pay.png 272217
//my_product/cust/RU/etc/launcher/drawable-xxhdpi/drawable-xxhdpi/ic_launcher_ru_rutube.png 272219
//my_product/cust/RU/etc/launcher/drawable-xxhdpi/drawable-xxhdpi/ic_launcher_ru_searchapp.png 272221
//my_product/cust/RU/etc/launcher/drawable-xxhdpi/drawable-xxhdpi/ic_launcher_ru_stream.png 272223-272229
//my_product/cust/RU/etc/launcher/drawable-xxhdpi/drawable-xxhdpi/ic_launcher_ru_vk.png 272231-272232
//my_product/cust/RU/etc/launcher/drawable-xxhdpi/drawable-xxhdpi/ic_launcher_ru_yandex_searchplugin.png 272235
//my_product/cust/RU/etc/launcher/drawable-xxhdpi/drawable-xxhdpi/ic_launcher_two_gis.png 272238
//my_product/cust/RU/etc/launcher/drawable-xxhdpi/ic_launcher_ru_app_list.png 272242-272243
//my_product/cust/RU/etc/launcher/drawable-xxhdpi/ic_launcher_ru_assistant.png 272244
//my_product/cust/RU/etc/launcher/drawable-xxhdpi/ic_launcher_ru_crptech.png 272247
//my_product/cust/RU/etc/launcher/drawable-xxhdpi/ic_launcher_ru_crptech_mask.png 272249
//my_product/cust/RU/etc/launcher/drawable-xxhdpi/ic_launcher_ru_disk.png 272251-272256
//my_product/cust/RU/etc/launcher/drawable-xxhdpi/ic_launcher_ru_documents.png 272257-272262
//my_product/cust/RU/etc/launcher/drawable-xxhdpi/ic_launcher_ru_gosuslugi.png 272263-272266
//my_product/cust/RU/etc/launcher/drawable-xxhdpi/ic_launcher_ru_icq.png 272268-272272
//my_product/cust/RU/etc/launcher/drawable-xxhdpi/ic_launcher_ru_kms.png 272273-272280
//my_product/cust/RU/etc/launcher/drawable-xxhdpi/ic_launcher_ru_mail.png 272283-272284
//my_product/cust/RU/etc/launcher/drawable-xxhdpi/ic_launcher_ru_maps.png 272285-272287
//my_product/cust/RU/etc/launcher/drawable-xxhdpi/ic_launcher_ru_ok.png 272290-272292
//my_product/cust/RU/etc/launcher/drawable-xxhdpi/ic_launcher_ru_pay.png 272294
//my_product/cust/RU/etc/launcher/drawable-xxhdpi/ic_launcher_ru_rutube.png 272296
//my_product/cust/RU/etc/launcher/drawable-xxhdpi/ic_launcher_ru_searchapp.png 272298
//my_product/cust/RU/etc/launcher/drawable-xxhdpi/ic_launcher_ru_stream.png 272300-272306
//my_product/cust/RU/etc/launcher/drawable-xxhdpi/ic_launcher_ru_vk.png 272308-272309
//my_product/cust/RU/etc/launcher/drawable-xxhdpi/ic_launcher_ru_yandex_searchplugin.png 272312
//my_product/cust/RU/etc/launcher/drawable-xxhdpi/ic_launcher_two_gis.png 272315
//my_product/cust/RU/overlay/EmojiKeyboardOverlay/EmojiKeyboardOverlay.apk 272318-272319
//my_product/cust/RU/overlay/OplusConfigOverlayCommsEx/OplusConfigOverlayCommsEx.apk 272320-272321
//my_product/cust/RU/overlay/OplusConfigOverlayMms/OplusConfigOverlayMms.apk 272322-272323
//my_product/cust/SG/overlay/OplusConfigOverlayContact/OplusConfigOverlayContact.apk 272324-272325
//my_product/cust/SG/overlay/OplusConfigOverlayDialer/OplusConfigOverlayDialer.apk 272326-272327
//my_product/cust/TH/overlay/OplusConfigOverlayCommsEx/OplusConfigOverlayCommsEx.apk 272328-272329
//my_product/cust/TH/overlay/OplusConfigOverlayContact/OplusConfigOverlayContact.apk 272330-272331
//my_product/cust/TH/overlay/OplusConfigOverlayDialer/OplusConfigOverlayDialer.apk 272332-272333
//my_product/cust/TH/overlay/OplusGmsConfigOverlayCommon/OplusGmsConfigOverlayCommon.apk 272334-272335
//my_product/cust/TN/overlay/OplusConfigOverlayContact/OplusConfigOverlayContact.apk 272336-272337
//my_product/cust/TN/overlay/OplusConfigOverlayDialer/OplusConfigOverlayDialer.apk 272338-272339
//my_product/cust/TR/etc/launcher/default_workspace.xml 272340-272341
//my_product/cust/TR/overlay/EmojiKeyboardOverlay/EmojiKeyboardOverlay.apk 272343-272344
//my_product/cust/TR/overlay/OplusConfigOverlayCommsEx/OplusConfigOverlayCommsEx.apk 272345-272346
//my_product/cust/TR/overlay/OplusConfigOverlayMms/OplusConfigOverlayMms.apk 272347-272348
//my_product/cust/TW/overlay/OplusConfigOverlayContact/OplusConfigOverlayContact.apk 272350-272351
//my_product/cust/TW/overlay/OplusConfigOverlayDialer/OplusConfigOverlayDialer.apk 272352-272353
//my_product/cust/TW/overlay/OplusGmsConfigOverlayCommon/OplusGmsConfigOverlayCommon.apk 272354-272355
//my_product/cust/VN/overlay/OplusConfigOverlayContact/OplusConfigOverlayContact.apk 272359-272360
//my_product/cust/VN/overlay/OplusConfigOverlayDialer/OplusConfigOverlayDialer.apk 272361-272362
//my_product/cust/VN/overlay/OplusGmsConfigOverlayCommon/OplusGmsConfigOverlayCommon.apk 272363-272364
//my_product/cust/ZA/overlay/OplusConfigOverlayContact/OplusConfigOverlayContact.apk 272366-272367
//my_product/cust/ZA/overlay/OplusConfigOverlayDialer/OplusConfigOverlayDialer.apk 272368-272369
//my_product/decouping_wallpaper/common/inlay_wallpaper_id.png 272370-272613 272614
//my_product/decouping_wallpaper/common/intuition_wallpaper/intuition_green_wallpaper.mp4 272615-276026
//my_product/decouping_wallpaper/common/intuition_wallpaper/intuition_yellow_wallpaper.mp4 276027-279678
//my_product/decouping_wallpaper/common/product_wallpaper_black.png 279680-280748
//my_product/decouping_wallpaper/common/product_wallpaper_blue.png 280750-281788
//my_product/decouping_wallpaper/common/wallpaper_group/00_ColorOS15/ColorOS1501.webp 281790-282008 282009
//my_product/decouping_wallpaper/common/wallpaper_group/00_ColorOS15/ColorOS1502.webp 282010-282248
//my_product/decouping_wallpaper/common/wallpaper_group/00_ColorOS15/ColorOS1503.webp 282249-282469
//my_product/decouping_wallpaper/common/wallpaper_group/00_ColorOS15/ColorOS1504.webp 282471-282686
//my_product/decouping_wallpaper/common/wallpaper_group/00_ColorOS15/ColorOS1505.webp 282688-282913
//my_product/decouping_wallpaper/common/wallpaper_group/01_Nature/Nature01.webp 282915-283641
//my_product/decouping_wallpaper/common/wallpaper_group/01_Nature/Nature02.webp 283642-284403
//my_product/decouping_wallpaper/common/wallpaper_group/01_Nature/Nature03.webp 284405-285060
//my_product/decouping_wallpaper/common/wallpaper_group/01_Nature/Nature04.webp 285062-285696
//my_product/decouping_wallpaper/common/wallpaper_group/02_Blossoms/Blossoms01.webp 285698-286299
//my_product/decouping_wallpaper/common/wallpaper_group/02_Blossoms/Blossoms02.webp 286300-286781
//my_product/decouping_wallpaper/common/wallpaper_group/02_Blossoms/Blossoms03.webp 286783-287318
//my_product/decouping_wallpaper/common/wallpaper_group/02_Blossoms/Blossoms04.webp 287319-287889
//my_product/decouping_wallpaper/common/wallpaper_group/03_Calm/Calm01.webp 287891-288495
//my_product/decouping_wallpaper/common/wallpaper_group/03_Calm/Calm02.webp 288496-289049
//my_product/decouping_wallpaper/common/wallpaper_group/03_Calm/Calm03.webp 289051-289616
//my_product/decouping_wallpaper/common/wallpaper_group/03_Calm/Calm04.webp 289618-290037
//my_product/decouping_wallpaper/common/wallpaper_group/04_LightShadow/LightShadow01.webp 290038-290258
//my_product/decouping_wallpaper/common/wallpaper_group/04_LightShadow/LightShadow02.webp 290259-290504
//my_product/decouping_wallpaper/common/wallpaper_group/04_LightShadow/LightShadow03.webp 290505-290901
//my_product/decouping_wallpaper/common/wallpaper_group/04_LightShadow/LightShadow04.webp 290903-291259
//my_product/decouping_wallpaper/common/wallpaper_group/05_ZenPlanet/ZenPlanet01.webp 291260-291737
//my_product/decouping_wallpaper/common/wallpaper_group/05_ZenPlanet/ZenPlanet02.webp 291739-292237
//my_product/decouping_wallpaper/common/wallpaper_group/05_ZenPlanet/ZenPlanet03.webp 292239-292712
//my_product/decouping_wallpaper/common/wallpaper_group/05_ZenPlanet/ZenPlanet04.webp 292713-293149
//my_product/decouping_wallpaper/common/wallpaper_group/06_Composition/Composition01.webp 293150-293502
//my_product/decouping_wallpaper/common/wallpaper_group/06_Composition/Composition02.webp 293504-293734
//my_product/decouping_wallpaper/common/wallpaper_group/06_Composition/Composition03.webp 293735-294032
//my_product/decouping_wallpaper/common/wallpaper_group/07_Healing/Healing01.webp 294033-294626
//my_product/decouping_wallpaper/common/wallpaper_group/07_Healing/Healing02.webp 294628-295061
//my_product/decouping_wallpaper/common/wallpaper_group/07_Healing/Healing03.webp 295063-295751
//my_product/decouping_wallpaper/common/wallpaper_group/07_Healing/Healing04.webp 295753-296265
//my_product/decouping_wallpaper/common/wallpaper_group/07_Healing/Healing05.webp 296267-296923
//my_product/decouping_wallpaper/common/wallpaper_group/08_Rhythm/Rhythm01.webp 296925-297205
//my_product/decouping_wallpaper/common/wallpaper_group/08_Rhythm/Rhythm02.webp 297206-297545
//my_product/decouping_wallpaper/common/wallpaper_group/08_Rhythm/Rhythm03.webp 297547-298076
//my_product/decouping_wallpaper/common/wallpaper_group/08_Rhythm/Rhythm05.webp 298077-298536
//my_product/decouping_wallpaper/default/default_wallpaper.png 298538-299606
//my_product/decouping_wallpaper/default/default_wallpaper_black.png 299607-300675
//my_product/decouping_wallpaper/default/default_wallpaper_blue.png 300676-301714
//my_product/decouping_wallpaper/default/default_wallpaper_lock.png 301716-302784
//my_product/decouping_wallpaper/default/preview_0.png 302786-302798
//my_product/decouping_wallpaper/default/preview_0_en.png 302799-302812
//my_product/decouping_wallpaper/default/preview_1.png 302813-302933
//my_product/decouping_wallpaper/default/preview_1_en.png 302934-303012
//my_product/decouping_wallpaper/default/thumb.png 303013-303032
//my_product/decouping_wallpaper/default/thumb_en.png 303033-303049
//my_product/decouping_wallpaper/inspiration_theme_resource/default_themes/1/ai_unit_core_wallpaper_with_supplement 303050-303505
//my_product/decouping_wallpaper/inspiration_theme_resource/default_themes/1/cropped_lockscreen_wallpaper_with_supplement 303507-304019
//my_product/decouping_wallpaper/inspiration_theme_resource/default_themes/3/ai_unit_core_wallpaper_with_supplement 304020-304363
//my_product/decouping_wallpaper/inspiration_theme_resource/default_themes/3/cropped_lockscreen_wallpaper_with_supplement 304364-304780
//my_product/decouping_wallpaper/inspiration_theme_resource/default_themes/default_theme_data.json 304781
//my_product/decouping_wallpaper/inspiration_theme_resource/default_themes/default_theme_data_land.json 304782
//my_product/decouping_wallpaper/inspiration_theme_resource/inspiration_theme_templates/blossoms/blossoms_preview_1.webp 304784-304786
//my_product/decouping_wallpaper/inspiration_theme_resource/inspiration_theme_templates/blossoms/blossoms_preview_2.webp 304787-304788
//my_product/decouping_wallpaper/inspiration_theme_resource/inspiration_theme_templates/blossoms/blossoms_preview_3.webp 304790
//my_product/decouping_wallpaper/inspiration_theme_resource/inspiration_theme_templates/blossoms/blossoms_preview_4.webp 304792-304794
//my_product/decouping_wallpaper/inspiration_theme_resource/inspiration_theme_templates/blossoms/blossoms_preview_eng_1.webp 304795-304797
//my_product/decouping_wallpaper/inspiration_theme_resource/inspiration_theme_templates/blossoms/blossoms_preview_eng_2.webp 304798-304799
//my_product/decouping_wallpaper/inspiration_theme_resource/inspiration_theme_templates/blossoms/blossoms_preview_eng_3.webp 304801
//my_product/decouping_wallpaper/inspiration_theme_resource/inspiration_theme_templates/blossoms/blossoms_preview_eng_4.webp 304803-304804
//my_product/decouping_wallpaper/inspiration_theme_resource/inspiration_theme_templates/blossoms/blossoms_preview_traditional_1.webp 304806-304808
//my_product/decouping_wallpaper/inspiration_theme_resource/inspiration_theme_templates/blossoms/blossoms_preview_traditional_2.webp 304810-304811
//my_product/decouping_wallpaper/inspiration_theme_resource/inspiration_theme_templates/blossoms/blossoms_preview_traditional_3.webp 304813
//my_product/decouping_wallpaper/inspiration_theme_resource/inspiration_theme_templates/blossoms/blossoms_preview_traditional_4.webp 304815-304817
//my_product/decouping_wallpaper/inspiration_theme_resource/inspiration_theme_templates/blossoms/blossoms_wallpaper_ai_1.webp 304818-304821
//my_product/decouping_wallpaper/inspiration_theme_resource/inspiration_theme_templates/blossoms/blossoms_wallpaper_ai_1_contours.txt 304823-304825
//my_product/decouping_wallpaper/inspiration_theme_resource/inspiration_theme_templates/blossoms/blossoms_wallpaper_ai_2.webp 304826-304834 304835
//my_product/decouping_wallpaper/inspiration_theme_resource/inspiration_theme_templates/blossoms/blossoms_wallpaper_ai_2_contours.txt 304836-304841
//my_product/decouping_wallpaper/inspiration_theme_resource/inspiration_theme_templates/blossoms/blossoms_wallpaper_ai_3.webp 304842-304846
//my_product/decouping_wallpaper/inspiration_theme_resource/inspiration_theme_templates/blossoms/blossoms_wallpaper_ai_3_contours.txt 304848-304851
//my_product/decouping_wallpaper/inspiration_theme_resource/inspiration_theme_templates/blossoms/blossoms_wallpaper_ai_4.webp 304852-304859
//my_product/decouping_wallpaper/inspiration_theme_resource/inspiration_theme_templates/blossoms/blossoms_wallpaper_ai_4_contours.txt 304861-304865
//my_product/decouping_wallpaper/inspiration_theme_resource/inspiration_theme_templates/calm/calm_preview_1.webp 304866-304870
//my_product/decouping_wallpaper/inspiration_theme_resource/inspiration_theme_templates/calm/calm_preview_3.webp 304871-304873
//my_product/decouping_wallpaper/inspiration_theme_resource/inspiration_theme_templates/calm/calm_preview_4.webp 304875-304877
//my_product/decouping_wallpaper/inspiration_theme_resource/inspiration_theme_templates/calm/calm_preview_eng_1.webp 304878-304882
//my_product/decouping_wallpaper/inspiration_theme_resource/inspiration_theme_templates/calm/calm_preview_eng_3.webp 304883-304885
//my_product/decouping_wallpaper/inspiration_theme_resource/inspiration_theme_templates/calm/calm_preview_eng_4.webp 304886-304888
//my_product/decouping_wallpaper/inspiration_theme_resource/inspiration_theme_templates/calm/calm_preview_traditional_1.webp 304889-304893
//my_product/decouping_wallpaper/inspiration_theme_resource/inspiration_theme_templates/calm/calm_preview_traditional_3.webp 304894-304896
//my_product/decouping_wallpaper/inspiration_theme_resource/inspiration_theme_templates/calm/calm_preview_traditional_4.webp 304898-304900
//my_product/decouping_wallpaper/inspiration_theme_resource/inspiration_theme_templates/color_os/color_os_preview_1.webp 304901-304904
//my_product/decouping_wallpaper/inspiration_theme_resource/inspiration_theme_templates/color_os/color_os_preview_2.webp 304905-304908
//my_product/decouping_wallpaper/inspiration_theme_resource/inspiration_theme_templates/color_os/color_os_preview_3.webp 304910-304912
//my_product/decouping_wallpaper/inspiration_theme_resource/inspiration_theme_templates/color_os/color_os_preview_4.webp 304913-304916
//my_product/decouping_wallpaper/inspiration_theme_resource/inspiration_theme_templates/color_os/color_os_preview_5.webp 304917-304919
//my_product/decouping_wallpaper/inspiration_theme_resource/inspiration_theme_templates/color_os/color_os_preview_eng_1.webp 304920-304923
//my_product/decouping_wallpaper/inspiration_theme_resource/inspiration_theme_templates/color_os/color_os_preview_eng_2.webp 304924-304927
//my_product/decouping_wallpaper/inspiration_theme_resource/inspiration_theme_templates/color_os/color_os_preview_eng_3.webp 304928-304929
//my_product/decouping_wallpaper/inspiration_theme_resource/inspiration_theme_templates/color_os/color_os_preview_eng_4.webp 304931-304933
//my_product/decouping_wallpaper/inspiration_theme_resource/inspiration_theme_templates/color_os/color_os_preview_eng_5.webp 304935-304937
//my_product/decouping_wallpaper/inspiration_theme_resource/inspiration_theme_templates/color_os/color_os_preview_traditional_1.webp 304938-304941
//my_product/decouping_wallpaper/inspiration_theme_resource/inspiration_theme_templates/color_os/color_os_preview_traditional_2.webp 304942-304945
//my_product/decouping_wallpaper/inspiration_theme_resource/inspiration_theme_templates/color_os/color_os_preview_traditional_3.webp 304947-304949
//my_product/decouping_wallpaper/inspiration_theme_resource/inspiration_theme_templates/color_os/color_os_preview_traditional_4.webp 304950-304952
//my_product/decouping_wallpaper/inspiration_theme_resource/inspiration_theme_templates/color_os/color_os_preview_traditional_5.webp 304953-304955
//my_product/decouping_wallpaper/inspiration_theme_resource/inspiration_theme_templates/color_os/color_os_wallpaper_ai_1.webp 304957-304958
//my_product/decouping_wallpaper/inspiration_theme_resource/inspiration_theme_templates/color_os/color_os_wallpaper_ai_2.webp 304959-304960
//my_product/decouping_wallpaper/inspiration_theme_resource/inspiration_theme_templates/color_os/color_os_wallpaper_ai_3.webp 304962-304963
//my_product/decouping_wallpaper/inspiration_theme_resource/inspiration_theme_templates/color_os/color_os_wallpaper_ai_4.webp 304965-304966
//my_product/decouping_wallpaper/inspiration_theme_resource/inspiration_theme_templates/color_os/color_os_wallpaper_ai_5.webp 304968-304969
//my_product/decouping_wallpaper/inspiration_theme_resource/inspiration_theme_templates/color_os/color_os_wallpaper_ai_contours.txt 304971-304972
//my_product/decouping_wallpaper/inspiration_theme_resource/inspiration_theme_templates/composition/composition_preview_1.webp 304973
//my_product/decouping_wallpaper/inspiration_theme_resource/inspiration_theme_templates/composition/composition_preview_2.webp 304974-304975
//my_product/decouping_wallpaper/inspiration_theme_resource/inspiration_theme_templates/composition/composition_preview_3.webp 304977-304978
//my_product/decouping_wallpaper/inspiration_theme_resource/inspiration_theme_templates/composition/composition_preview_eng_1.webp 304980
//my_product/decouping_wallpaper/inspiration_theme_resource/inspiration_theme_templates/composition/composition_preview_eng_2.webp 304981-304982
//my_product/decouping_wallpaper/inspiration_theme_resource/inspiration_theme_templates/composition/composition_preview_eng_3.webp 304984-304985
//my_product/decouping_wallpaper/inspiration_theme_resource/inspiration_theme_templates/composition/composition_preview_traditional_1.webp 304987
//my_product/decouping_wallpaper/inspiration_theme_resource/inspiration_theme_templates/composition/composition_preview_traditional_2.webp 304988-304989
//my_product/decouping_wallpaper/inspiration_theme_resource/inspiration_theme_templates/composition/composition_preview_traditional_3.webp 304991-304992
//my_product/decouping_wallpaper/inspiration_theme_resource/inspiration_theme_templates/composition/composition_wallpaper_ai_1.webp 304994-304996
//my_product/decouping_wallpaper/inspiration_theme_resource/inspiration_theme_templates/composition/composition_wallpaper_ai_1_contours.txt 304997
//my_product/decouping_wallpaper/inspiration_theme_resource/inspiration_theme_templates/composition/composition_wallpaper_ai_3_contours.txt 304999
//my_product/decouping_wallpaper/inspiration_theme_resource/inspiration_theme_templates/galaxy/galaxy_preview_1.webp 305001-305002
//my_product/decouping_wallpaper/inspiration_theme_resource/inspiration_theme_templates/galaxy/galaxy_preview_2.webp 305004-305005
//my_product/decouping_wallpaper/inspiration_theme_resource/inspiration_theme_templates/galaxy/galaxy_preview_3.webp 305006-305008
//my_product/decouping_wallpaper/inspiration_theme_resource/inspiration_theme_templates/galaxy/galaxy_preview_4.webp 305009-305010
//my_product/decouping_wallpaper/inspiration_theme_resource/inspiration_theme_templates/galaxy/galaxy_preview_eng_1.webp 305012-305013
//my_product/decouping_wallpaper/inspiration_theme_resource/inspiration_theme_templates/galaxy/galaxy_preview_eng_2.webp 305015-305016
//my_product/decouping_wallpaper/inspiration_theme_resource/inspiration_theme_templates/galaxy/galaxy_preview_eng_3.webp 305018-305020
//my_product/decouping_wallpaper/inspiration_theme_resource/inspiration_theme_templates/galaxy/galaxy_preview_eng_4.webp 305021-305022
//my_product/decouping_wallpaper/inspiration_theme_resource/inspiration_theme_templates/galaxy/galaxy_preview_traditional_1.webp 305024-305025
//my_product/decouping_wallpaper/inspiration_theme_resource/inspiration_theme_templates/galaxy/galaxy_preview_traditional_2.webp 305027-305028
//my_product/decouping_wallpaper/inspiration_theme_resource/inspiration_theme_templates/galaxy/galaxy_preview_traditional_3.webp 305030-305032
//my_product/decouping_wallpaper/inspiration_theme_resource/inspiration_theme_templates/galaxy/galaxy_preview_traditional_4.webp 305033-305034
//my_product/decouping_wallpaper/inspiration_theme_resource/inspiration_theme_templates/galaxy/galaxy_wallpaper_ai_1.webp 305036-305042
//my_product/decouping_wallpaper/inspiration_theme_resource/inspiration_theme_templates/galaxy/galaxy_wallpaper_ai_1_contours.txt 305043-305046
//my_product/decouping_wallpaper/inspiration_theme_resource/inspiration_theme_templates/galaxy/galaxy_wallpaper_ai_2.webp 305047-305052
//my_product/decouping_wallpaper/inspiration_theme_resource/inspiration_theme_templates/galaxy/galaxy_wallpaper_ai_2_contours.txt 305054-305057
//my_product/decouping_wallpaper/inspiration_theme_resource/inspiration_theme_templates/galaxy/galaxy_wallpaper_ai_3.webp 305058-305062
//my_product/decouping_wallpaper/inspiration_theme_resource/inspiration_theme_templates/galaxy/galaxy_wallpaper_ai_3_contours.txt 305063-305065
//my_product/decouping_wallpaper/inspiration_theme_resource/inspiration_theme_templates/galaxy/galaxy_wallpaper_ai_4.webp 305066-305071
//my_product/decouping_wallpaper/inspiration_theme_resource/inspiration_theme_templates/galaxy/galaxy_wallpaper_ai_4_contours.txt 305072-305076
//my_product/decouping_wallpaper/inspiration_theme_resource/inspiration_theme_templates/healing/healing_preview_1.webp 305077-305080
//my_product/decouping_wallpaper/inspiration_theme_resource/inspiration_theme_templates/healing/healing_preview_2.webp 305081-305149
//my_product/decouping_wallpaper/inspiration_theme_resource/inspiration_theme_templates/healing/healing_preview_3.webp 305150-305153
//my_product/decouping_wallpaper/inspiration_theme_resource/inspiration_theme_templates/healing/healing_preview_4.webp 305155-305156
//my_product/decouping_wallpaper/inspiration_theme_resource/inspiration_theme_templates/healing/healing_preview_5.webp 305158-305161
//my_product/decouping_wallpaper/inspiration_theme_resource/inspiration_theme_templates/healing/healing_preview_eng_1.webp 305162-305165
//my_product/decouping_wallpaper/inspiration_theme_resource/inspiration_theme_templates/healing/healing_preview_eng_2.webp 305166-305234
//my_product/decouping_wallpaper/inspiration_theme_resource/inspiration_theme_templates/healing/healing_preview_eng_3.webp 305235-305238
//my_product/decouping_wallpaper/inspiration_theme_resource/inspiration_theme_templates/healing/healing_preview_eng_4.webp 305240-305241
//my_product/decouping_wallpaper/inspiration_theme_resource/inspiration_theme_templates/healing/healing_preview_eng_5.webp 305243-305246
//my_product/decouping_wallpaper/inspiration_theme_resource/inspiration_theme_templates/healing/healing_preview_traditional_1.webp 305247-305250
//my_product/decouping_wallpaper/inspiration_theme_resource/inspiration_theme_templates/healing/healing_preview_traditional_2.webp 305251-305319
//my_product/decouping_wallpaper/inspiration_theme_resource/inspiration_theme_templates/healing/healing_preview_traditional_3.webp 305320-305323
//my_product/decouping_wallpaper/inspiration_theme_resource/inspiration_theme_templates/healing/healing_preview_traditional_4.webp 305325-305326
//my_product/decouping_wallpaper/inspiration_theme_resource/inspiration_theme_templates/healing/healing_preview_traditional_5.webp 305328-305331
//my_product/decouping_wallpaper/inspiration_theme_resource/inspiration_theme_templates/healing/healing_wallpaper_ai_2.webp 305332-305358
//my_product/decouping_wallpaper/inspiration_theme_resource/inspiration_theme_templates/healing/healing_wallpaper_ai_2_contours.txt 305360-305365
//my_product/decouping_wallpaper/inspiration_theme_resource/inspiration_theme_templates/healing/healing_wallpaper_ai_3.webp 305366-305392
//my_product/decouping_wallpaper/inspiration_theme_resource/inspiration_theme_templates/healing/healing_wallpaper_ai_3_contours.txt 305394-305402
//my_product/decouping_wallpaper/inspiration_theme_resource/inspiration_theme_templates/healing/healing_wallpaper_ai_4.webp 305403-305419
//my_product/decouping_wallpaper/inspiration_theme_resource/inspiration_theme_templates/healing/healing_wallpaper_ai_4_contours.txt 305420-305423
//my_product/decouping_wallpaper/inspiration_theme_resource/inspiration_theme_templates/healing/healing_wallpaper_ai_5.webp 305424-305440
//my_product/decouping_wallpaper/inspiration_theme_resource/inspiration_theme_templates/healing/healing_wallpaper_ai_5_contours.txt 305441-305446
//my_product/decouping_wallpaper/inspiration_theme_resource/inspiration_theme_templates/inspiration_theme_templates.json 305447
//my_product/decouping_wallpaper/inspiration_theme_resource/inspiration_theme_templates/light_and_shadow/light_and_shadow_preview_1.webp 305448-305449
//my_product/decouping_wallpaper/inspiration_theme_resource/inspiration_theme_templates/light_and_shadow/light_and_shadow_preview_2.webp 305451-305452
//my_product/decouping_wallpaper/inspiration_theme_resource/inspiration_theme_templates/light_and_shadow/light_and_shadow_preview_3.webp 305453-305454
//my_product/decouping_wallpaper/inspiration_theme_resource/inspiration_theme_templates/light_and_shadow/light_and_shadow_preview_4.webp 305456-305457
//my_product/decouping_wallpaper/inspiration_theme_resource/inspiration_theme_templates/light_and_shadow/light_and_shadow_preview_eng_1.webp 305458-305459
//my_product/decouping_wallpaper/inspiration_theme_resource/inspiration_theme_templates/light_and_shadow/light_and_shadow_preview_eng_2.webp 305461-305462
//my_product/decouping_wallpaper/inspiration_theme_resource/inspiration_theme_templates/light_and_shadow/light_and_shadow_preview_eng_3.webp 305463-305464
//my_product/decouping_wallpaper/inspiration_theme_resource/inspiration_theme_templates/light_and_shadow/light_and_shadow_preview_eng_4.webp 305466-305467
//my_product/decouping_wallpaper/inspiration_theme_resource/inspiration_theme_templates/light_and_shadow/light_and_shadow_preview_traditional_1.webp 305468-305469
//my_product/decouping_wallpaper/inspiration_theme_resource/inspiration_theme_templates/light_and_shadow/light_and_shadow_preview_traditional_2.webp 305471-305472
//my_product/decouping_wallpaper/inspiration_theme_resource/inspiration_theme_templates/light_and_shadow/light_and_shadow_preview_traditional_3.webp 305473-305474
//my_product/decouping_wallpaper/inspiration_theme_resource/inspiration_theme_templates/light_and_shadow/light_and_shadow_preview_traditional_4.webp 305476-305477
//my_product/decouping_wallpaper/inspiration_theme_resource/inspiration_theme_templates/mountain/mountain_preview_1.webp 305478-305483
//my_product/decouping_wallpaper/inspiration_theme_resource/inspiration_theme_templates/mountain/mountain_preview_2.webp 305485-305490
//my_product/decouping_wallpaper/inspiration_theme_resource/inspiration_theme_templates/mountain/mountain_preview_3.webp 305492-305498
//my_product/decouping_wallpaper/inspiration_theme_resource/inspiration_theme_templates/mountain/mountain_preview_4.webp 305500-305504
//my_product/decouping_wallpaper/inspiration_theme_resource/inspiration_theme_templates/mountain/mountain_preview_eng_1.webp 305505-305510
//my_product/decouping_wallpaper/inspiration_theme_resource/inspiration_theme_templates/mountain/mountain_preview_eng_2.webp 305512-305517
//my_product/decouping_wallpaper/inspiration_theme_resource/inspiration_theme_templates/mountain/mountain_preview_eng_3.webp 305519-305525
//my_product/decouping_wallpaper/inspiration_theme_resource/inspiration_theme_templates/mountain/mountain_preview_eng_4.webp 305527-305531
//my_product/decouping_wallpaper/inspiration_theme_resource/inspiration_theme_templates/mountain/mountain_preview_traditional_1.webp 305532-305537
//my_product/decouping_wallpaper/inspiration_theme_resource/inspiration_theme_templates/mountain/mountain_preview_traditional_2.webp 305539-305544
//my_product/decouping_wallpaper/inspiration_theme_resource/inspiration_theme_templates/mountain/mountain_preview_traditional_3.webp 305546-305552
//my_product/decouping_wallpaper/inspiration_theme_resource/inspiration_theme_templates/mountain/mountain_preview_traditional_4.webp 305554-305558
//my_product/decouping_wallpaper/inspiration_theme_resource/inspiration_theme_templates/mountain/mountain_wallpaper_ai_1.webp 305559
//my_product/decouping_wallpaper/inspiration_theme_resource/inspiration_theme_templates/mountain/mountain_wallpaper_ai_1_contours.txt 305561
//my_product/decouping_wallpaper/inspiration_theme_resource/inspiration_theme_templates/mountain/mountain_wallpaper_ai_2.webp 305563-305564
//my_product/decouping_wallpaper/inspiration_theme_resource/inspiration_theme_templates/mountain/mountain_wallpaper_ai_2_contours.txt 305566-305567
//my_product/decouping_wallpaper/inspiration_theme_resource/inspiration_theme_templates/mountain/mountain_wallpaper_ai_3.webp 305568-305569
//my_product/decouping_wallpaper/inspiration_theme_resource/inspiration_theme_templates/mountain/mountain_wallpaper_ai_3_contours.txt 305571-305572
//my_product/decouping_wallpaper/inspiration_theme_resource/inspiration_theme_templates/mountain/mountain_wallpaper_ai_4.webp 305573
//my_product/decouping_wallpaper/inspiration_theme_resource/inspiration_theme_templates/mountain/mountain_wallpaper_ai_4_contours.txt 305574
//my_product/decouping_wallpaper/inspiration_theme_resource/inspiration_theme_templates/rhythm/rhythm_preview_1.webp 305575-305577
//my_product/decouping_wallpaper/inspiration_theme_resource/inspiration_theme_templates/rhythm/rhythm_preview_2.webp 305578-305639
//my_product/decouping_wallpaper/inspiration_theme_resource/inspiration_theme_templates/rhythm/rhythm_preview_3.webp 305641-305643
//my_product/decouping_wallpaper/inspiration_theme_resource/inspiration_theme_templates/rhythm/rhythm_preview_5.webp 305645-305647
//my_product/decouping_wallpaper/inspiration_theme_resource/inspiration_theme_templates/rhythm/rhythm_preview_eng_1.webp 305648-305650
//my_product/decouping_wallpaper/inspiration_theme_resource/inspiration_theme_templates/rhythm/rhythm_preview_eng_2.webp 305651-305712
//my_product/decouping_wallpaper/inspiration_theme_resource/inspiration_theme_templates/rhythm/rhythm_preview_eng_3.webp 305714-305716
//my_product/decouping_wallpaper/inspiration_theme_resource/inspiration_theme_templates/rhythm/rhythm_preview_eng_5.webp 305718-305720
//my_product/decouping_wallpaper/inspiration_theme_resource/inspiration_theme_templates/rhythm/rhythm_preview_traditional_1.webp 305721-305723
//my_product/decouping_wallpaper/inspiration_theme_resource/inspiration_theme_templates/rhythm/rhythm_preview_traditional_2.webp 305724-305786
//my_product/decouping_wallpaper/inspiration_theme_resource/inspiration_theme_templates/rhythm/rhythm_preview_traditional_3.webp 305787-305789
//my_product/decouping_wallpaper/inspiration_theme_resource/inspiration_theme_templates/rhythm/rhythm_preview_traditional_5.webp 305791-305793
//my_product/decouping_wallpaper/inspiration_theme_resource/inspiration_theme_templates/rhythm/rhythm_wallpaper_ai_1.webp 305794-305837
//my_product/decouping_wallpaper/inspiration_theme_resource/inspiration_theme_templates/rhythm/rhythm_wallpaper_ai_1_contours.txt 305838-305841
//my_product/decouping_wallpaper/inspiration_theme_resource/inspiration_theme_templates/rhythm/rhythm_wallpaper_ai_2.webp 305842-305848
//my_product/decouping_wallpaper/inspiration_theme_resource/inspiration_theme_templates/rhythm/rhythm_wallpaper_ai_2_contours.txt 305849-305852
//my_product/decouping_wallpaper/inspiration_theme_resource/inspiration_theme_templates/rhythm/rhythm_wallpaper_ai_3.webp 305853-305857
//my_product/decouping_wallpaper/inspiration_theme_resource/inspiration_theme_templates/rhythm/rhythm_wallpaper_ai_3_contours.txt 305858-305859
//my_product/decouping_wallpaper/inspiration_theme_resource/inspiration_theme_templates/rhythm/rhythm_wallpaper_ai_5.webp 305860-305890
//my_product/decouping_wallpaper/inspiration_theme_resource/inspiration_theme_templates/rhythm/rhythm_wallpaper_ai_5_contours.txt 305892-305895
//my_product/decouping_wallpaper/inspiration_theme_resource/low_devices_default_themes/1/photo_back_mask 305896-305902
//my_product/decouping_wallpaper/inspiration_theme_resource/low_devices_default_themes/1/photo_front_mask 305903-305907
//my_product/decouping_wallpaper/inspiration_theme_resource/low_devices_default_themes/3/blossoms_wallpaper_ai_2.webp 305908-306156
//my_product/decouping_wallpaper/inspiration_theme_resource/low_devices_default_themes/default_theme_data.json 306157
//my_product/decouping_wallpaper/inspiration_theme_resource/low_devices_default_themes/default_theme_data_replace.json 306158
//my_product/decouping_wallpaper/styles/inspiration_theme_styles/graffiti/brilliant/aod2lock_brilliant.mp4 306160-306297
//my_product/decouping_wallpaper/styles/inspiration_theme_styles/graffiti/brilliant/aod_brilliant.webp 306298-306306
//my_product/decouping_wallpaper/styles/inspiration_theme_styles/graffiti/brilliant/depth_brilliant.webp 306308-306333
//my_product/decouping_wallpaper/styles/inspiration_theme_styles/graffiti/brilliant/lock2aod_brilliant.mp4 306335-306444
//my_product/decouping_wallpaper/styles/inspiration_theme_styles/graffiti/brilliant/thumbnail_brilliant.webp 306445-306447
//my_product/decouping_wallpaper/styles/inspiration_theme_styles/graffiti/brilliant/thumbnail_brilliant_dark.webp 306449-306451
//my_product/decouping_wallpaper/styles/inspiration_theme_styles/graffiti/cute/aod2lock_cute.mp4 306452-306654
//my_product/decouping_wallpaper/styles/inspiration_theme_styles/graffiti/cute/aod_cute.webp 306655-306656
//my_product/decouping_wallpaper/styles/inspiration_theme_styles/graffiti/cute/depth_cute.webp 306658-306659
//my_product/decouping_wallpaper/styles/inspiration_theme_styles/graffiti/cute/lock2aod_cute.mp4 306661-306805
//my_product/decouping_wallpaper/styles/inspiration_theme_styles/graffiti/cute/thumbnail_cute.webp 306807
//my_product/decouping_wallpaper/styles/inspiration_theme_styles/graffiti/fast/aod2lock_fast.mp4 306809-306896
//my_product/decouping_wallpaper/styles/inspiration_theme_styles/graffiti/fast/aod_fast.webp 306897
//my_product/decouping_wallpaper/styles/inspiration_theme_styles/graffiti/fast/depth_fast.webp 306898-306899
//my_product/decouping_wallpaper/styles/inspiration_theme_styles/graffiti/fast/lock2aod_fast.mp4 306900-306975
//my_product/decouping_wallpaper/styles/inspiration_theme_styles/graffiti/game_on/aod2lock_game_on.mp4 306977-307172
//my_product/decouping_wallpaper/styles/inspiration_theme_styles/graffiti/game_on/aod_game_on.webp 307173-307176
//my_product/decouping_wallpaper/styles/inspiration_theme_styles/graffiti/game_on/depth_game_on.webp 307178-307191
//my_product/decouping_wallpaper/styles/inspiration_theme_styles/graffiti/game_on/lock2aod_game_on.mp4 307192-307307
//my_product/decouping_wallpaper/styles/inspiration_theme_styles/graffiti/game_on/thumbnail_game_on.webp 307308-307309
//my_product/decouping_wallpaper/styles/inspiration_theme_styles/graffiti/game_on/thumbnail_game_on_dark.webp 307310-307311
//my_product/decouping_wallpaper/styles/inspiration_theme_styles/graffiti/keep_moving/aod2lock_keep_moving.mp4 307312-307463
//my_product/decouping_wallpaper/styles/inspiration_theme_styles/graffiti/keep_moving/aod_keep_moving.webp 307464
//my_product/decouping_wallpaper/styles/inspiration_theme_styles/graffiti/keep_moving/depth_keep_moving.webp 307465-307466
//my_product/decouping_wallpaper/styles/inspiration_theme_styles/graffiti/keep_moving/lock2aod_keep_moving.mp4 307468-307569
//my_product/decouping_wallpaper/styles/inspiration_theme_styles/graffiti/keep_moving/thumbnail_keep_moving.webp 307570
//my_product/del-app/AIMagicStudio/AIMagicStudio.apk 307591-313105
//my_product/del-app/ConsumerIRApp/ConsumerIRApp.apk 313111-319278
//my_product/del-app-pre/Drive_del/Drive.apk 319284-327415
//my_product/del-app-pre/Facebook/Facebook.apk 327423-327471
//my_product/del-app-pre/GoogleFindMyDevice/GoogleFindMyDevice.apk 327472-329239
//my_product/del-app-pre/GoogleFitbit/GoogleFitbit.apk 329242-339160
//my_product/del-app-pre/GoogleHome/GoogleHome.apk 339168-352056
//my_product/del-app-pre/GoogleOne/GoogleOne.apk 352068-356065
//my_product/del-app-pre/Videos_del/Videos.apk 356070-360987
//my_product/del-app-pre/YTMusic_del/YTMusic.apk 360992-368929
//my_product/etc/Multimedia_Feedback_List.xml 368936
//my_product/etc/NOTICE.xml.gz 368937-368945
//my_product/etc/apns-conf.xml 368946-368984
//my_product/etc/audiomonitor/voip_tips16.pcm 368985-369004
//my_product/etc/audiomonitor/voip_tips16_id.pcm 369005-369021
//my_product/etc/audiomonitor/voip_tips16_my.pcm 369022-369039
//my_product/etc/audiomonitor/voip_tips16_th.pcm 369040-369057
//my_product/etc/audiomonitor/voip_tips48.pcm 369058-369115
//my_product/etc/audiomonitor/voip_tips48_id.pcm 369116-369166
//my_product/etc/audiomonitor/voip_tips48_my.pcm 369167-369217
//my_product/etc/audiomonitor/voip_tips48_th.pcm 369218-369270
//my_product/etc/audiomonitor/voip_tips8.pcm 369271-369280
//my_product/etc/audiomonitor/voip_tips8_id.pcm 369281-369289
//my_product/etc/audiomonitor/voip_tips8_my.pcm 369290-369298
//my_product/etc/audiomonitor/voip_tips8_th.pcm 369299-369307
//my_product/etc/camera/engineer_camera_config 369308
//my_product/etc/ecc_list.xml 369311-369313
//my_product/etc/engineermode/aging_config_v1_coloros13/aging_set.json 369314-369315
//my_product/etc/engineermode/anti_config/anti_camera_antenna_setting.json 369316
//my_product/etc/engineermode/anti_config/anti_charge_antenna_setting.json 369317
//my_product/etc/engineermode/anti_config/anti_ddr_antenna_setting.json 369318
//my_product/etc/engineermode/anti_config/anti_lcd_antenna_setting.json 369320
//my_product/etc/engineermode/anti_config/anti_sensor_antenna_setting.json 369321
//my_product/etc/engineermode/anti_config/anti_touch_screen_antenna_setting.json 369322
//my_product/etc/extension/oplus_region_switch_parameter.xml 369336
//my_product/etc/extension/sys_bench_control_list.xml 369338
//my_product/etc/extension/sys_custom_osense_appmng_decisionmaker_config.xml 369339
//my_product/etc/extension/sys_custom_osense_memory_config.xml 369340
//my_product/etc/extension/sys_custom_osense_memory_decisionmaker_config.xml 369341
//my_product/etc/extension/sys_custom_osense_scene_event_config.xml 369342
//my_product/etc/extension/sys_osense_decisionmaker_config.xml 369345
//my_product/etc/fusionlight_profile/fusionlight_Main_1_3.json 369348-369350
//my_product/etc/fusionlight_profile/fusionlight_Main_2_3.json 369351-369353
//my_product/etc/launcher/default_workspace.xml 369354-369356
//my_product/etc/launcher/default_workspace_simple.xml 369357
//my_product/etc/oplus_carriers_map.xml 369358
//my_product/etc/oplus_channel_map.xml 369359-369360
//my_product/etc/oplus_channel_ready_stat_map.xml 369361
//my_product/etc/oplus_vrr_config.json 369362-369363
//my_product/etc/permissions/com.android.hotwordenrollment.common.util.impl.jar 369366-369368
//my_product/etc/permissions/oplus.features.network.xml 369373
//my_product/etc/permissions/oplus.product.display_features.xml 369374
//my_product/etc/permissions/oplus.product.feature_multimedia_unique.xml 369375
//my_product/etc/permissions/privapp-permissions-google-product.xml 369378
//my_product/etc/permissions/privapp-permissions-google-system_ext.xml 369379
//my_product/etc/project_sys_perf_config.json 369381
//my_product/etc/refresh_rate_config.xml 369382-369397
//my_product/etc/rf_feature_config.xml 369398
//my_product/etc/settings/regulatory_image_brazil_anatel_rmx3081.png 369401-369415
//my_product/etc/settings/regulatory_image_brazil_anatel_rmx3191.png 369416-369423
//my_product/etc/settings/regulatory_image_brazil_anatel_rmx3363.png 369425-369439
//my_product/etc/settings/regulatory_image_india_anatel_rmp2107.png 369440-369441
//my_product/etc/settings/regulatory_image_india_anatel_rmp2108.png 369443-369444
//my_product/etc/settings/regulatory_image_indonesia_qbcode.png 369446
//my_product/etc/smart_loop_drag_extension.xml 369447-369449
//my_product/etc/sys_dynamic_frame_config.xml 369451
//my_product/etc/sys_perf_config.json 369452
//my_product/etc/sys_resolution_switch_config.xml 369453
//my_product/etc/sysconfig/google-hiddenapi-package-allowlist.xml 369455
//my_product/etc/sysconfig/google.xml 369457
//my_product/etc/vendor_oplus_carriername.xml 369459-369460
//my_product/etc/vibrator/effect2waveform.xml 369461-369463
//my_product/etc/vibrator/effect_waveform.xml 369464-369467
//my_product/framework/com.android.hotwordenrollment.common.util.jar 369469-369471
//my_product/lib/libAPSClient-cmd-jni.so 369472-369545
//my_product/lib/libAPSClient-jni.so 369546-369629
//my_product/lib64/libAPSClient-cmd-jni.so 369631-369729
//my_product/lib64/libAPSClient-jni.so 369730-369839
//my_product/lib64/libAncFilter_jni.so 369840-369918
//my_product/lib64/libAncHumBokeh-jni.so 369919-369950
//my_product/lib64/libAncHumanDoubleExposure-jni.so 369951-369988
//my_product/lib64/libAncHumanRetain-jni_v2.so 369989-370025
//my_product/lib64/libAncHumanSegFigureFusion-jni.so 370026-370053
//my_product/lib64/libAncHumanVideo-jni.so 370054-370083
//my_product/lib64/libApsFaceBeautyPreviewProductJni.so 370085-370155
//my_product/lib64/libApsSuperEISPreviewJni.so 370156-370214
//my_product/lib64/libAvatarEngineRender.so 370215-370662
//my_product/lib64/libAvatarEngineRenderNative.so 370663-371114
//my_product/lib64/libCombineLut.so 371115-371150
//my_product/lib64/libCombineLutJni.so 371152
//my_product/lib64/libFileExtender-jni.so 371153-371175
//my_product/lib64/libHdrTransform-platform-jni.so 371176-371215
//my_product/lib64/libMsEffectSdk.so 371216-371239
//my_product/lib64/libOplusBlurPreviewJNI.so 371240-371280
//my_product/lib64/libOplusStringJNI.so 371281-371282
//my_product/lib64/libSuperTextWrapper.so 371283-371395
//my_product/lib64/libXDocProcessSDK-jni.so 371396-371527
//my_product/lib64/libXDocProcessSDK.so 371528-372295
//my_product/lib64/libYTCommon.so 372297-372388
//my_product/lib64/libarcsoft_panorama_burstcapture.so 372389-372676
//my_product/lib64/libarcsoft_wideselfie.so 372677-373326
//my_product/lib64/libextendfile.so 373328-373422
//my_product/lib64/libjni_burstpmk.so 373423-373426
//my_product/lib64/libjni_wideselfie.so 373427-373429
//my_product/lib64/libjnisingleblur_api.so 373430-373486
//my_product/lib64/libjnistblur_api.so 373487-373544
//my_product/lib64/liblivephoto.frc.jni.so 373545-373574
//my_product/lib64/libmpbase.so 373575
//my_product/lib64/libsingle_camera_bokeh_native.so 373576-373691
//my_product/lib64/libst_mobile.so 373692-374838
//my_product/lib64/libst_sticker_jni.so 374840-374869
//my_product/media/HoloAudio/audio_res/10_Notification.ogg 374871-374886
//my_product/media/HoloAudio/audio_res/11_Navigation.ogg 374887-374895
//my_product/media/HoloAudio/audio_res/13_Center.ogg 374897-375160
//my_product/media/HoloAudio/audio_res/2_Music.ogg 375161-375354
//my_product/media/HoloAudio/audio_res/3_Listening.ogg 375356-375381
//my_product/media/HoloAudio/audio_res/4_Video1.ogg 375382-375557
//my_product/media/HoloAudio/audio_res/5_Video2.ogg 375559-375691
//my_product/media/HoloAudio/audio_res/7_Voip.ogg 375692-375701
//my_product/media/HoloAudio/audio_res/8_Ringing.ogg 375703-375857
//my_product/media/HoloAudio/audio_res/9_Alarm.ogg 375858-376000
//my_product/media/HoloAudio/holo_audio_movie_play.mp4 376002-376541
//my_product/media/bootanimation/bootanimation.zip 376542-377405
//my_product/media/bootanimation/rbootanimation.zip 377407-377646
//my_product/media/quickboot/boot_bat_temp_high.png 377649-377657
//my_product/media/quickboot/boot_bat_temp_low.png 377658-377667
//my_product/media/quickboot/boot_black_picture.png 377668
//my_product/media/quickboot/boot_charger_01.png 377669-377673
//my_product/media/quickboot/boot_charger_02.png 377674-377678
//my_product/media/quickboot/boot_charger_03.png 377679-377683
//my_product/media/quickboot/boot_charger_04.png 377684-377688
//my_product/media/quickboot/boot_charger_05.png 377689-377693
//my_product/media/quickboot/boot_charger_06.png 377694-377698
//my_product/media/quickboot/boot_charger_07.png 377699-377704
//my_product/media/quickboot/boot_charger_08.png 377705-377710
//my_product/media/quickboot/boot_charger_09.png 377711-377716
//my_product/media/quickboot/boot_charger_10.png 377717-377722
//my_product/media/quickboot/boot_charger_100.png 377723-377732
//my_product/media/quickboot/boot_charger_11.png 377733-377739
//my_product/media/quickboot/boot_charger_12.png 377740-377746
//my_product/media/quickboot/boot_charger_13.png 377747-377753
//my_product/media/quickboot/boot_charger_14.png 377754-377760
//my_product/media/quickboot/boot_charger_15.png 377761-377767
//my_product/media/quickboot/boot_charger_16.png 377768-377774
//my_product/media/quickboot/boot_charger_17.png 377775-377781
//my_product/media/quickboot/boot_charger_18.png 377782-377788
//my_product/media/quickboot/boot_charger_19.png 377789-377795
//my_product/media/quickboot/boot_charger_20.png 377796-377803
//my_product/media/quickboot/boot_charger_21.png 377804-377811
//my_product/media/quickboot/boot_charger_22.png 377812-377819
//my_product/media/quickboot/boot_charger_23.png 377820-377827
//my_product/media/quickboot/boot_charger_24.png 377828-377835
//my_product/media/quickboot/boot_charger_25.png 377836-377843
//my_product/media/quickboot/boot_charger_battery_high.png 377844-377850
//my_product/media/quickboot/boot_charger_battery_untouch.png 377851-377859
//my_product/media/quickboot/boot_charger_deviated_CN.png 377860-377881
//my_product/media/quickboot/boot_charger_deviated_US.png 377882-377902
//my_product/media/quickboot/boot_charger_empty.png 377903-377907
//my_product/media/quickboot/boot_charger_full.png 377908-377917
//my_product/media/quickboot/boot_charger_full_thirdbat.png 377918-377927
//my_product/media/quickboot/boot_charger_full_with_exception1.png 377928-377934
//my_product/media/quickboot/boot_charger_full_with_exception2.png 377935-377941
//my_product/media/quickboot/boot_charger_high_temp.png 377942-377949
//my_product/media/quickboot/boot_charger_s_01.png 377953-377955
//my_product/media/quickboot/boot_charger_s_02.png 377956-377958
//my_product/media/quickboot/boot_charger_s_03.png 377959-377961
//my_product/media/quickboot/boot_charger_s_04.png 377962-377964
//my_product/media/quickboot/boot_charger_s_05.png 377965-377967
//my_product/media/quickboot/boot_charger_s_06.png 377968-377970
//my_product/media/quickboot/boot_charger_s_07.png 377972-377975
//my_product/media/quickboot/boot_charger_s_08.png 377976-377979
//my_product/media/quickboot/boot_charger_s_09.png 377980-377983
//my_product/media/quickboot/boot_charger_s_10.png 377984-377987
//my_product/media/quickboot/boot_charger_s_11.png 377988-377991
//my_product/media/quickboot/boot_charger_s_12.png 377992-377995
//my_product/media/quickboot/boot_charger_s_13.png 377996-377999
//my_product/media/quickboot/boot_charger_s_14.png 378000-378003
//my_product/media/quickboot/boot_charger_s_15.png 378004-378007
//my_product/media/quickboot/boot_charger_s_16.png 378008-378011
//my_product/media/quickboot/boot_charger_s_17.png 378012-378015
//my_product/media/quickboot/boot_charger_s_18.png 378016-378019
//my_product/media/quickboot/boot_charger_s_19.png 378020-378023
//my_product/media/quickboot/boot_charger_s_20.png 378024-378027
//my_product/media/quickboot/boot_charger_s_21.png 378028-378031
//my_product/media/quickboot/boot_charger_s_22.png 378032-378035
//my_product/media/quickboot/boot_charger_s_23.png 378036-378039
//my_product/media/quickboot/boot_charger_s_24.png 378040-378043
//my_product/media/quickboot/boot_charger_s_25.png 378044-378047
//my_product/media/quickboot/boot_charger_s_empty.png 378048-378051
//my_product/media/quickboot/boot_charger_s_v_01.png 378052-378054
//my_product/media/quickboot/boot_charger_s_v_02.png 378055-378057
//my_product/media/quickboot/boot_charger_s_v_03.png 378059-378062
//my_product/media/quickboot/boot_charger_s_v_04.png 378063-378066
//my_product/media/quickboot/boot_charger_s_v_05.png 378067-378070
//my_product/media/quickboot/boot_charger_s_v_06.png 378071-378074
//my_product/media/quickboot/boot_charger_s_v_07.png 378075-378078
//my_product/media/quickboot/boot_charger_s_v_08.png 378079-378082
//my_product/media/quickboot/boot_charger_s_v_09.png 378083-378086
//my_product/media/quickboot/boot_charger_s_v_10.png 378087-378090
//my_product/media/quickboot/boot_charger_s_v_11.png 378091-378094
//my_product/media/quickboot/boot_charger_s_v_12.png 378095-378098
//my_product/media/quickboot/boot_charger_s_v_13.png 378099-378102
//my_product/media/quickboot/boot_charger_s_v_14.png 378103-378106
//my_product/media/quickboot/boot_charger_s_v_15.png 378107-378110
//my_product/media/quickboot/boot_charger_s_v_16.png 378111-378114
//my_product/media/quickboot/boot_charger_s_v_17.png 378115-378118
//my_product/media/quickboot/boot_charger_s_v_18.png 378119-378122
//my_product/media/quickboot/boot_charger_s_v_19.png 378123-378126
//my_product/media/quickboot/boot_charger_s_v_20.png 378127-378130
//my_product/media/quickboot/boot_charger_s_v_21.png 378132-378135
//my_product/media/quickboot/boot_charger_s_v_22.png 378137-378141
//my_product/media/quickboot/boot_charger_s_v_23.png 378142-378145 378146
//my_product/media/quickboot/boot_charger_s_v_24.png 378147-378151
//my_product/media/quickboot/boot_charger_s_v_25.png 378152-378156
//my_product/media/quickboot/boot_charger_s_v_2_01.png 378157-378159
//my_product/media/quickboot/boot_charger_s_v_2_02.png 378160-378162
//my_product/media/quickboot/boot_charger_s_v_2_03.png 378164-378167
//my_product/media/quickboot/boot_charger_s_v_2_04.png 378168-378171
//my_product/media/quickboot/boot_charger_s_v_2_05.png 378172-378175
//my_product/media/quickboot/boot_charger_s_v_2_06.png 378176-378179
//my_product/media/quickboot/boot_charger_s_v_2_07.png 378180-378183
//my_product/media/quickboot/boot_charger_s_v_2_08.png 378184-378187
//my_product/media/quickboot/boot_charger_s_v_2_09.png 378188-378191
//my_product/media/quickboot/boot_charger_s_v_2_10.png 378192-378195
//my_product/media/quickboot/boot_charger_s_v_2_100.png 378196-378200
//my_product/media/quickboot/boot_charger_s_v_2_11.png 378202-378205
//my_product/media/quickboot/boot_charger_s_v_2_12.png 378206-378209
//my_product/media/quickboot/boot_charger_s_v_2_13.png 378210-378213
//my_product/media/quickboot/boot_charger_s_v_2_14.png 378214-378217
//my_product/media/quickboot/boot_charger_s_v_2_15.png 378218-378221
//my_product/media/quickboot/boot_charger_s_v_2_16.png 378222-378225
//my_product/media/quickboot/boot_charger_s_v_2_17.png 378227-378230
//my_product/media/quickboot/boot_charger_s_v_2_18.png 378231-378234
//my_product/media/quickboot/boot_charger_s_v_2_19.png 378235-378238
//my_product/media/quickboot/boot_charger_s_v_2_20.png 378240-378243
//my_product/media/quickboot/boot_charger_s_v_2_21.png 378245-378248
//my_product/media/quickboot/boot_charger_s_v_2_22.png 378250-378254
//my_product/media/quickboot/boot_charger_s_v_2_23.png 378255-378259
//my_product/media/quickboot/boot_charger_s_v_2_24.png 378260-378264
//my_product/media/quickboot/boot_charger_s_v_2_25.png 378265-378269
//my_product/media/quickboot/boot_charger_s_v_2_empty.png 378270-378272
//my_product/media/quickboot/boot_charger_s_v_empty.png 378273-378275
//my_product/media/quickboot/boot_charger_timeout.png 378276-378282
//my_product/media/quickboot/boot_charger_unknown.png 378283-378287
//my_product/media/quickboot/boot_charger_vol_high.png 378288-378298
//my_product/media/quickboot/boot_charger_vol_low.png 378299-378326
//my_product/media/quickboot/boot_charger_wireless_01.png 378327-378329
//my_product/media/quickboot/boot_charger_wireless_02.png 378330-378332
//my_product/media/quickboot/boot_charger_wireless_03.png 378333-378335
//my_product/media/quickboot/boot_charger_wireless_04.png 378336-378338
//my_product/media/quickboot/boot_charger_wireless_05.png 378340-378342
//my_product/media/quickboot/boot_charger_wireless_06.png 378344-378346 378347
//my_product/media/quickboot/boot_charger_wireless_07.png 378348-378351
//my_product/media/quickboot/boot_charger_wireless_08.png 378352-378355
//my_product/media/quickboot/boot_charger_wireless_09.png 378356-378359
//my_product/media/quickboot/boot_charger_wireless_10.png 378360-378363
//my_product/media/quickboot/boot_charger_wireless_100.png 378364-378368
//my_product/media/quickboot/boot_charger_wireless_11.png 378370-378373
//my_product/media/quickboot/boot_charger_wireless_12.png 378374-378377
//my_product/media/quickboot/boot_charger_wireless_13.png 378378-378381
//my_product/media/quickboot/boot_charger_wireless_14.png 378382-378385
//my_product/media/quickboot/boot_charger_wireless_15.png 378386-378389
//my_product/media/quickboot/boot_charger_wireless_16.png 378390-378393
//my_product/media/quickboot/boot_charger_wireless_17.png 378394-378397
//my_product/media/quickboot/boot_charger_wireless_18.png 378398-378401
//my_product/media/quickboot/boot_charger_wireless_19.png 378402-378405
//my_product/media/quickboot/boot_charger_wireless_20.png 378406-378409
//my_product/media/quickboot/boot_charger_wireless_21.png 378410-378413
//my_product/media/quickboot/boot_charger_wireless_22.png 378414-378417
//my_product/media/quickboot/boot_charger_wireless_23.png 378418-378421
//my_product/media/quickboot/boot_charger_wireless_24.png 378422-378425
//my_product/media/quickboot/boot_charger_wireless_25.png 378426-378429
//my_product/media/quickboot/boot_charger_wireless_empty.png 378430-378433
//my_product/media/quickboot/boot_charger_wireless_novooc_01.png 378434-378436
//my_product/media/quickboot/boot_charger_wireless_novooc_02.png 378437-378439
//my_product/media/quickboot/boot_charger_wireless_novooc_03.png 378440-378442
//my_product/media/quickboot/boot_charger_wireless_novooc_04.png 378443-378445
//my_product/media/quickboot/boot_charger_wireless_novooc_05.png 378446-378448
//my_product/media/quickboot/boot_charger_wireless_novooc_06.png 378449-378451
//my_product/media/quickboot/boot_charger_wireless_novooc_07.png 378452-378454
//my_product/media/quickboot/boot_charger_wireless_novooc_08.png 378455-378457
//my_product/media/quickboot/boot_charger_wireless_novooc_09.png 378458-378460
//my_product/media/quickboot/boot_charger_wireless_novooc_10.png 378461-378463
//my_product/media/quickboot/boot_charger_wireless_novooc_100.png 378464-378467
//my_product/media/quickboot/boot_charger_wireless_novooc_11.png 378468-378470
//my_product/media/quickboot/boot_charger_wireless_novooc_12.png 378471-378473
//my_product/media/quickboot/boot_charger_wireless_novooc_13.png 378474-378476
//my_product/media/quickboot/boot_charger_wireless_novooc_14.png 378477-378479
//my_product/media/quickboot/boot_charger_wireless_novooc_15.png 378480-378482
//my_product/media/quickboot/boot_charger_wireless_novooc_16.png 378484-378486
//my_product/media/quickboot/boot_charger_wireless_novooc_17.png 378488-378490
//my_product/media/quickboot/boot_charger_wireless_novooc_18.png 378492-378495
//my_product/media/quickboot/boot_charger_wireless_novooc_19.png 378496-378499
//my_product/media/quickboot/boot_charger_wireless_novooc_20.png 378500-378503
//my_product/media/quickboot/boot_charger_wireless_novooc_21.png 378504-378507
//my_product/media/quickboot/boot_charger_wireless_novooc_22.png 378508-378511
//my_product/media/quickboot/boot_charger_wireless_novooc_23.png 378512-378515
//my_product/media/quickboot/boot_charger_wireless_novooc_24.png 378516-378519
//my_product/media/quickboot/boot_charger_wireless_novooc_25.png 378520-378523
//my_product/media/quickboot/boot_charger_wireless_novooc_empty.png 378524-378526
//my_product/media/quickboot/boot_chg_vol_high_zh_cn.png 378527-378538
//my_product/media/spatializer/spatial_audio_fix.m4a 378539-378708
//my_product/media/spatializer/spatial_audio_fixed.mp4 378710-378899
//my_product/media/spatializer/spatial_audio_head_tracking.m4a 378901-379070
//my_product/media/spatializer/spatial_audio_head_tracking.mp4 379072-379260
//my_product/media/spatializer/spatial_audio_off.m4a 379261-379295
//my_product/media/spatializer/spatial_audio_off.mp4 379296-379380
//my_product/media/touchstyle/touch_style_preview.m4v 379381-383621
//my_product/non_overlay/app/GoogleExtShared/GoogleExtShared.apk 383623-383625
//my_product/non_overlay/app/GooglePrintRecommendationService/GooglePrintRecommendationService.apk 383626-383655
//my_product/non_overlay/priv-app/GoogleFeedback/GoogleFeedback.apk 383656-383717
//my_product/non_overlay/priv-app/GooglePackageInstaller/GooglePackageInstaller.apk 383718-384182
//my_product/non_overlay/priv-app/GoogleServicesFramework/GoogleServicesFramework.apk 384184-384913
//my_product/non_overlay/priv-app/SetupWizard/SetupWizard.apk 384915-386475
//my_product/overlay/CarrierConfigOverlay.24749.apk 386478-386489
//my_product/overlay/GTAnim.apk 386490-392989
//my_product/overlay/GTBoostAnim.apk 392994-398712
//my_product/overlay/GmsConfigOverlayASI_Features/GmsConfigOverlayASI_Features.apk 398716-398717
//my_product/overlay/GmsConfigOverlayCommonEx/GmsConfigOverlayCommonEx.apk 398718-398722
//my_product/overlay/GmsConfigOverlayComms/GmsConfigOverlayComms.apk 398723-398724
//my_product/overlay/GmsConfigOverlayGSA/GmsConfigOverlayGSA.apk 398725-398726
//my_product/overlay/GmsConfigOverlayOdad/GmsConfigOverlayOdad.apk 398727-398728
//my_product/overlay/GmsConfigOverlayPersonalSafety/GmsConfigOverlayPersonalSafety.apk 398729-398730
//my_product/overlay/OplusAiConfigOverlayCircleToSearch/OplusAiConfigOverlayCircleToSearch.apk 398731-398732
//my_product/overlay/OplusAiConfigOverlayCommon/OplusAiConfigOverlayCommon.apk 398733-398734
//my_product/overlay/OplusCameraBigBallConfigOverlay/OplusCameraBigBallConfigOverlay.apk 398735-398736
//my_product/overlay/OplusGmsConfigOverlayCommon/OplusGmsConfigOverlayCommon.apk 398737-398738
//my_product/overlay/SystemUIFingerprintRes_13_0_NONE.apk 398739-398794
//my_product/overlay/SystemUIFingerprintRes_15_0_FY.apk 398795-400243
//my_product/overlay/SystemUIFingerprintRes_15_0_JD.apk 400244-402505
//my_product/overlay/SystemUIFingerprintRes_15_0_LY.apk 402508-404239
//my_product/overlay/SystemUIFingerprintRes_15_0_QY.apk 404241-405787
//my_product/overlay/SystemUIFingerprintRes_15_0_SW.apk 405788-407139
//my_product/overlay/SystemUIFingerprintRes_15_0_XW.apk 407141-408816
//my_product/overlay/SystemUIFingerprintRes_15_0_ZF.apk 408818-410319
//my_product/overlay/SystemUIFingerprintRes_Halo.apk 410321-410811
//my_product/overlay/SystemUIFingerprintRes_KL.apk 410812-411699
//my_product/overlay/android_framework_res_overlay.display.product.24749.apk 411700-411701
//my_product/overlay/aon.frameworkres.overlay.product.apk 411702-411703
//my_product/overlay/aon_framework_res_overlay.display.product.apk 411704-411705
//my_product/overlay/com.android.SystemUIResOverlay.24749.apk 411706-411746
//my_product/overlay/oplus_framework_res_rro_realme.apk 411747-411748
//my_product/priv-app/AICore/AICore.apk 411749-411751
//my_product/priv-app/AndroidAutoStub/AndroidAutoStub.apk 411752-412220
//my_product/priv-app/AndroidSystemIntelligence_Features/AndroidSystemIntelligence_Features.apk 412222-420163
//my_product/priv-app/AndroidSystemIntelligence_Features/oat/arm64/AndroidSystemIntelligence_Features.vdex 420171-420208
//my_product/priv-app/Calendar/Calendar.apk 420209-429728
//my_product/priv-app/ConfigUpdater/ConfigUpdater.apk 429738-429918
//my_product/priv-app/ConfigUpdater/oat/arm64/ConfigUpdater.vdex 429919-429922
//my_product/priv-app/CrossDeviceServicesStub/CrossDeviceServicesStub.apk 429923-430345
//my_product/priv-app/EmergencyInfoGms/EmergencyInfoGms.apk 430346-431932
//my_product/priv-app/EmergencyInfoGms/oat/arm64/EmergencyInfoGms.vdex 431935-431964
//my_product/priv-app/EuiccGoogle/EuiccGoogle.apk 431965-433415
//my_product/priv-app/Facebook-installer/Facebook-installer.apk 433418-433487
//my_product/priv-app/Facebook-services/Facebook-services.apk 433488-434024
//my_product/priv-app/Facebook-services/oat/arm64/Facebook-services.vdex 434025-434039
//my_product/priv-app/FamilyLinkParentalControls/FamilyLinkParentalControls.apk 434040-434043
//my_product/priv-app/GmsCore/GmsCore.apk 434044-460865
//my_product/priv-app/GmsCore/m/independent/AndroidPlatformServices.apk 460887-463658
//my_product/priv-app/GmsCore/m/independent/oat/arm64/AndroidPlatformServices.vdex 463662-463724
//my_product/priv-app/GmsCore/oat/arm64/GmsCore.vdex 463725-464242
//my_product/priv-app/GoogleDialer/GoogleDialer.apk 464244-474732
//my_product/priv-app/GoogleDialer/oat/arm64/GoogleDialer.vdex 474743-474835
//my_product/priv-app/GoogleFiles/GoogleFiles.apk 474836-478298
//my_product/priv-app/GoogleFiles/oat/arm64/GoogleFiles.vdex 478303-478355
//my_product/priv-app/GoogleOdad/GoogleOdad.apk 478356-478549
//my_product/priv-app/GoogleOneTimeInitializer/GoogleOneTimeInitializer.apk 478550-478587
//my_product/priv-app/GooglePartnerSetup/GooglePartnerSetup.apk 478588-478793
//my_product/priv-app/GoogleRestore/GoogleRestore.apk 478794-480774
//my_product/priv-app/GoogleRestore/oat/arm64/GoogleRestore.vdex 480777-480814
//my_product/priv-app/GoogleVelvet_CTS/GoogleVelvet_CTS.apk 480815-527638
//my_product/priv-app/GoogleVelvet_CTS/oat/arm64/GoogleVelvet_CTS.vdex 527678-528152
//my_product/priv-app/HotwordEnrollmentXGoogleRISCV_WIDEBAND.apk 528153-528202
//my_product/priv-app/HotwordEnrollmentYGoogleRISCV_WIDEBAND.apk 528203-528262
//my_product/priv-app/Messages/Messages.apk 528263-549019
//my_product/priv-app/Messages/oat/arm64/Messages.vdex 549039-549389
//my_product/priv-app/PersonalSafety/PersonalSafety.apk 549390-552004
//my_product/priv-app/PersonalSafety/oat/arm64/PersonalSafety.vdex 552008-552054
//my_product/priv-app/Phonesky/Phonesky.apk 552055-562710
//my_product/priv-app/Phonesky/oat/arm64/Phonesky.vdex 562722-562904
//my_product/priv-app/PlayAutoInstallConfig/PlayAutoInstallConfig.apk 562905
//my_product/priv-app/PrivateComputeServices/PrivateComputeServices.apk 562906-565726
//my_product/priv-app/PrivateComputeServices/oat/arm64/PrivateComputeServices.vdex 565730-565749
//my_product/priv-app/SearchSelector/SearchSelector.apk 565750-566382
//my_product/priv-app/SearchSelector/oat/arm64/SearchSelector.vdex 566384-566396
//my_product/priv-app/SystemClone/SystemClone.apk 566397-568120
//my_product/priv-app/SystemClone/oat/arm64/SystemClone.vdex 568123-568147
//my_product/priv-app/Wellbeing/Wellbeing.apk 568148-570606
//my_product/priv-app/Wellbeing/oat/arm64/Wellbeing.vdex 570610-570650
//my_product/product/usr/srec/en-US/CLG.prewalk.fst 570654-571270
//my_product/product/usr/srec/en-US/CONTACT.transform.mfar 571272-571275
//my_product/product/usr/srec/en-US/TERSE_LSTM_LM.lstm_lm.main_model.uint8.data 571276-571588
//my_product/product/usr/srec/en-US/TERSE_LSTM_LM.lstm_lm.self_normalized_model.uint8.data 571589-572150
//my_product/product/usr/srec/en-US/TERSE_LSTM_LM.lstm_lm.syms 572152-572286
//my_product/product/usr/srec/en-US/c_fst 572287-572314
//my_product/product/usr/srec/en-US/config.pumpkin 572315-572336
//my_product/product/usr/srec/en-US/dictation.config 572338-572339
//my_product/product/usr/srec/en-US/dnn 572340-573049
//my_product/product/usr/srec/en-US/embedded_class_denorm.mfar 573050-573142
//my_product/product/usr/srec/en-US/embedded_normalizer.mfar 573143-573161
//my_product/product/usr/srec/en-US/en-US_confirmation_confirmation-cancellation_TWIDDLER_FST.fst 573163
//my_product/product/usr/srec/en-US/en-US_gmm-actions_gmm-nav-actions_TWIDDLER_FST.fst 573164
//my_product/product/usr/srec/en-US/endpointer_model 573168-573171
//my_product/product/usr/srec/en-US/endpointer_model.mmap 573173-573176
//my_product/product/usr/srec/en-US/ep_portable_model.uint8.mmap 573178-573208
//my_product/product/usr/srec/en-US/g2p.data 573210-573456
//my_product/product/usr/srec/en-US/g2p_fst 573458-574160
//my_product/product/usr/srec/en-US/hmm_symbols 574162-574176
//my_product/product/usr/srec/en-US/hmmlist 574177-574184
//my_product/product/usr/srec/en-US/lexicon.U.fst 574186-574328
//my_product/product/usr/srec/en-US/lstm_model.uint8.data 574329-575415
//my_product/product/usr/srec/en-US/metadata 575417
//my_product/product/usr/srec/en-US/offensive_word_normalizer.mfar 575418-575468
//my_product/product/usr/srec/en-US/offline_action_data.pb 575469
//my_product/product/usr/srec/en-US/portable_lstm 575470-575591
//my_product/product/usr/srec/en-US/prons_exception_dictionary_file.txt 575592-575602
//my_product/product/usr/srec/en-US/pumpkin.mmap 575603-577802
//my_product/product/usr/srec/en-US/rescoring.fst.compact 577805-578981
//my_product/product/usr/srec/en-US/semantics.pumpkin 578983-578993
//my_product/product/usr/srec/en-US/verbalizer_terse.mfar 578994-579101
//my_product/product/usr/srec/en-US/voice_actions.config 579102-579103
//my_product/product/usr/srec/en-US/voice_actions_compiler.config 579104-579105
//my_product/product/usr/srec/en-US/wordlist.syms 579106-579246
//my_product/product_overlay/framework/com.oplus.camera.unit.sdk.adapter.jar 579247-579604
//my_product/product_overlay/framework/com.oplus.camera.unit.sdk.jar 579605-580193
//my_product/product_overlay/framework/oat/arm64/com.oplus.camera.unit.sdk.adapter.odex 580195-580197
//my_product/product_overlay/framework/oat/arm64/com.oplus.camera.unit.sdk.adapter.vdex 580198-580203
//my_product/product_overlay/framework/oat/arm64/com.oplus.camera.unit.sdk.odex 580204-580207
//my_product/product_overlay/framework/oat/arm64/com.oplus.camera.unit.sdk.vdex 580208-580217
//my_product/product_overlay/media/audio/notifications/notification_001.ogg 580218-580223
//my_product/product_overlay/media/audio/notifications/notification_002.ogg 580224-580226
//my_product/product_overlay/media/audio/notifications/notification_004.ogg 580228-580233
//my_product/product_overlay/media/audio/notifications/notification_006.ogg 580234-580243
//my_product/product_overlay/media/audio/notifications/notification_010.ogg 580244-580252
//my_product/product_overlay/media/audio/notifications/notification_012.ogg 580254-580262
//my_product/product_overlay/media/audio/notifications/notification_015.ogg 580264-580267
//my_product/product_overlay/media/audio/notifications/notification_026.ogg 580269-580276
//my_product/product_overlay/media/audio/ringtones/ringtone_001.ogg 580277-580568
//my_product/product_overlay/media/audio/ringtones/ringtone_033.ogg 580569-580672
//my_product/product_overlay/media/audio/ringtones/ringtone_036.ogg 580673-580717
//my_product/product_overlay/media/audio/ringtones/ringtone_038.ogg 580718-580819
//my_product/vendor/etc/display_apollo_list_P_3.xml 580820-580838
//my_product/vendor/etc/display_apollo_list_P_7.xml 580839-580858
//my_product/vendor/etc/display_brightness_app_list.xml 580859-580860
//my_product/vendor/etc/display_brightness_config_P_3.xml 580861-580898
//my_product/vendor/etc/display_brightness_config_P_7.xml 580900-580938
//my_product/vendor/etc/multimedia_display_feature_config.xml 580939
//my_product/vendor/etc/multimedia_display_perf_list.xml 580940
