/product/bin/init.oplus.nandswap.sh 1-2
/product/bin/nandswap_tool 3-5
/product/etc/NOTICE.xml.gz 6-25
/product/etc/build_flags.json 26-27
/product/lib64/libbase.so 28-54
/product/lib64/libc++.so 55-163
/product/lib64/libcutils.so 164-203
/product/lib64/libjni_eglfence.so 204
/product/lib64/libjni_filtershow_filters.so 205-213
/product/lib64/libjni_jpegstream.so 214-288
/product/lib64/libjni_jpegutil.so 289-333
/product/lib64/libjni_latinime.so 334-451
/product/lib64/libjni_tinyplanet.so 452
/product/overlay/CaptivePortalLoginFrameworkOverlay.apk 453-454
/product/overlay/GoogleDocumentsUIOverlay.apk 455-456
/product/overlay/GoogleExtServicesConfigOverlay.apk 457-458
/product/overlay/GoogleHealthFitnessFrameworkOverlay.apk 459-460
/product/overlay/GooglePermissionControllerFrameworkOverlay.apk 461-462
/product/overlay/GooglePermissionControllerOverlay.apk 463-464
/product/overlay/ModuleMetadataGoogleOverlay.apk 465-466
/product/overlay/OplusCarrierConfig.apk 467-502
/product/overlay/framework-res__sys_mssi_64_64only_cn_armv82__auto_generated_rro_product.apk 503-506
/product/app/com.google.android.modulemetadata/com.google.android.modulemetadata.apk 507-511
/product/app/com.google.mainline.adservices/com.google.mainline.adservices.apk 512-514
/product/app/com.google.mainline.telemetry/com.google.mainline.telemetry.apk 515-517
/product/etc/init/init.oplus.nandswap.rc 518
/product/etc/permissions/privapp-permissions-oplus.xml 519-520
/product/etc/sysconfig/google.xml 521
/product/etc/sysconfig/preinstalled-packages-platform-overlays.xml 522
/product/overlay/DisplayCutoutEmulationCorner/DisplayCutoutEmulationCornerOverlay.apk 523-524
/product/overlay/DisplayCutoutEmulationDouble/DisplayCutoutEmulationDoubleOverlay.apk 525-526
/product/overlay/DisplayCutoutEmulationHole/DisplayCutoutEmulationHoleOverlay.apk 527-528
/product/overlay/DisplayCutoutEmulationTall/DisplayCutoutEmulationTallOverlay.apk 529-530
/product/overlay/DisplayCutoutEmulationWaterfall/DisplayCutoutEmulationWaterfallOverlay.apk 531-532
/product/overlay/FontNotoSerifSource/FontNotoSerifSourceOverlay.apk 533-534
/product/overlay/NavigationBarMode3Button/NavigationBarMode3ButtonOverlay.apk 535-536
/product/overlay/NavigationBarModeGestural/NavigationBarModeGesturalOverlay.apk 537-538
/product/overlay/NotesRoleEnabled/NotesRoleEnabledOverlay.apk 539-540
/product/overlay/TransparentNavigationBar/TransparentNavigationBarOverlay.apk 541-542
/product/overlay/WifiSystemResMainlineOverlay/WifiSystemResMainlineOverlay.apk 543-544
/product/overlay/WifiSystemResOverlay/WifiSystemResOverlay.apk 545-546
/product/media/audio/ui/Camera_Timer.ogg 547-548
/product/media/audio/ui/Camera_Timer_2sec.ogg 549-565
/product/media/audio/ui/Dock.ogg 566
/product/media/audio/ui/Effect_Tick.ogg 567
/product/media/audio/ui/InCallNotification.ogg 568
/product/media/audio/ui/KeypressDelete.ogg 569
/product/media/audio/ui/KeypressInvalid.ogg 570
/product/media/audio/ui/KeypressReturn.ogg 571
/product/media/audio/ui/KeypressSpacebar.ogg 572
/product/media/audio/ui/KeypressStandard.ogg 573
/product/media/audio/ui/Lock.ogg 574
/product/media/audio/ui/LowBattery.ogg 575-576
/product/media/audio/ui/Screenshots.ogg 577-578
/product/media/audio/ui/Undock.ogg 579-583
/product/media/audio/ui/Unlock.ogg 584
/product/media/audio/ui/VideoRecord.ogg 585-587
/product/media/audio/ui/camera_click.ogg 588-589
/product/media/audio/ui/camera_click_start.ogg 590-591
/product/media/audio/ui/camera_click_stop.ogg 592-593
/product/media/audio/ui/camera_focus.ogg 594
/product/media/audio/ui/camera_shutter.ogg 595-597
/product/media/audio/ui/charging.ogg 598-599
